Archive member included to satisfy reference by file (symbol)

/usr/lib/gcc/arm-none-eabi/8.3.1/thumb/v6-m/nofp/libgcc.a(_dvmd_tls.o)
                              CMakeFiles/blink_led_serial.dir/opt/pico-sdk/src/rp2_common/pico_divider/divider.S.obj (__aeabi_idiv0)
/usr/lib/gcc/arm-none-eabi/8.3.1/../../../arm-none-eabi/lib/thumb/v6-m/nofp/libc.a(lib_a-atexit.o)
                              /usr/lib/gcc/arm-none-eabi/8.3.1/../../../arm-none-eabi/lib/thumb/v6-m/nofp/crt0.o (atexit)
/usr/lib/gcc/arm-none-eabi/8.3.1/../../../arm-none-eabi/lib/thumb/v6-m/nofp/libc.a(lib_a-calloc.o)
                              CMakeFiles/blink_led_serial.dir/opt/pico-sdk/src/rp2_common/pico_malloc/pico_malloc.c.obj (calloc)
/usr/lib/gcc/arm-none-eabi/8.3.1/../../../arm-none-eabi/lib/thumb/v6-m/nofp/libc.a(lib_a-callocr.o)
                              /usr/lib/gcc/arm-none-eabi/8.3.1/../../../arm-none-eabi/lib/thumb/v6-m/nofp/libc.a(lib_a-calloc.o) (_calloc_r)
/usr/lib/gcc/arm-none-eabi/8.3.1/../../../arm-none-eabi/lib/thumb/v6-m/nofp/libc.a(lib_a-fini.o)
                              /usr/lib/gcc/arm-none-eabi/8.3.1/../../../arm-none-eabi/lib/thumb/v6-m/nofp/crt0.o (__libc_fini_array)
/usr/lib/gcc/arm-none-eabi/8.3.1/../../../arm-none-eabi/lib/thumb/v6-m/nofp/libc.a(lib_a-impure.o)
                              /usr/lib/gcc/arm-none-eabi/8.3.1/../../../arm-none-eabi/lib/thumb/v6-m/nofp/libc.a(lib_a-calloc.o) (_impure_ptr)
/usr/lib/gcc/arm-none-eabi/8.3.1/../../../arm-none-eabi/lib/thumb/v6-m/nofp/libc.a(lib_a-init.o)
                              /usr/lib/gcc/arm-none-eabi/8.3.1/../../../arm-none-eabi/lib/thumb/v6-m/nofp/crt0.o (__libc_init_array)
/usr/lib/gcc/arm-none-eabi/8.3.1/../../../arm-none-eabi/lib/thumb/v6-m/nofp/libc.a(lib_a-malloc.o)
                              CMakeFiles/blink_led_serial.dir/opt/pico-sdk/src/rp2_common/pico_malloc/pico_malloc.c.obj (malloc)
/usr/lib/gcc/arm-none-eabi/8.3.1/../../../arm-none-eabi/lib/thumb/v6-m/nofp/libc.a(lib_a-mallocr.o)
                              /usr/lib/gcc/arm-none-eabi/8.3.1/../../../arm-none-eabi/lib/thumb/v6-m/nofp/libc.a(lib_a-callocr.o) (_malloc_r)
/usr/lib/gcc/arm-none-eabi/8.3.1/../../../arm-none-eabi/lib/thumb/v6-m/nofp/libc.a(lib_a-mlock.o)
                              /usr/lib/gcc/arm-none-eabi/8.3.1/../../../arm-none-eabi/lib/thumb/v6-m/nofp/libc.a(lib_a-mallocr.o) (__malloc_lock)
/usr/lib/gcc/arm-none-eabi/8.3.1/../../../arm-none-eabi/lib/thumb/v6-m/nofp/libc.a(lib_a-sbrkr.o)
                              /usr/lib/gcc/arm-none-eabi/8.3.1/../../../arm-none-eabi/lib/thumb/v6-m/nofp/libc.a(lib_a-mallocr.o) (_sbrk_r)
/usr/lib/gcc/arm-none-eabi/8.3.1/../../../arm-none-eabi/lib/thumb/v6-m/nofp/libc.a(lib_a-strlen-stub.o)
                              CMakeFiles/blink_led_serial.dir/opt/pico-sdk/src/rp2_common/pico_stdio/stdio.c.obj (strlen)
/usr/lib/gcc/arm-none-eabi/8.3.1/../../../arm-none-eabi/lib/thumb/v6-m/nofp/libc.a(lib_a-__atexit.o)
                              /usr/lib/gcc/arm-none-eabi/8.3.1/../../../arm-none-eabi/lib/thumb/v6-m/nofp/libc.a(lib_a-atexit.o) (__register_exitproc)
/usr/lib/gcc/arm-none-eabi/8.3.1/../../../arm-none-eabi/lib/thumb/v6-m/nofp/libc.a(lib_a-freer.o)
                              /usr/lib/gcc/arm-none-eabi/8.3.1/../../../arm-none-eabi/lib/thumb/v6-m/nofp/libc.a(lib_a-malloc.o) (_free_r)
/usr/lib/gcc/arm-none-eabi/8.3.1/../../../arm-none-eabi/lib/thumb/v6-m/nofp/libc.a(lib_a-reent.o)
                              /usr/lib/gcc/arm-none-eabi/8.3.1/../../../arm-none-eabi/lib/thumb/v6-m/nofp/libc.a(lib_a-sbrkr.o) (errno)

Allocating common symbols
Common symbol       size              file

sf_table            0x100             CMakeFiles/blink_led_serial.dir/opt/pico-sdk/src/rp2_common/pico_float/float_init_rom.c.obj
errno               0x4               /usr/lib/gcc/arm-none-eabi/8.3.1/../../../arm-none-eabi/lib/thumb/v6-m/nofp/libc.a(lib_a-reent.o)
sd_table            0x100             CMakeFiles/blink_led_serial.dir/opt/pico-sdk/src/rp2_common/pico_double/double_init_rom.c.obj
uart_char_to_line_feed
                    0x4               CMakeFiles/blink_led_serial.dir/opt/pico-sdk/src/rp2_common/hardware_uart/uart.c.obj

Discarded input sections

 .text          0x00000000        0x0 /usr/lib/gcc/arm-none-eabi/8.3.1/thumb/v6-m/nofp/crti.o
 .data          0x00000000        0x0 /usr/lib/gcc/arm-none-eabi/8.3.1/thumb/v6-m/nofp/crti.o
 .bss           0x00000000        0x0 /usr/lib/gcc/arm-none-eabi/8.3.1/thumb/v6-m/nofp/crti.o
 .data          0x00000000        0x4 /usr/lib/gcc/arm-none-eabi/8.3.1/thumb/v6-m/nofp/crtbegin.o
 .fini_array    0x00000000        0x4 /usr/lib/gcc/arm-none-eabi/8.3.1/thumb/v6-m/nofp/crtbegin.o
 .text          0x00000000       0x74 /usr/lib/gcc/arm-none-eabi/8.3.1/../../../arm-none-eabi/lib/thumb/v6-m/nofp/crt0.o
 .data          0x00000000        0x0 /usr/lib/gcc/arm-none-eabi/8.3.1/../../../arm-none-eabi/lib/thumb/v6-m/nofp/crt0.o
[...]
Memory Configuration

Name             Origin             Length             Attributes
FLASH            0x10000000         0x00200000         xr
RAM              0x20000000         0x00040000         xrw
SCRATCH_X        0x20040000         0x00001000         xrw
SCRATCH_Y        0x20041000         0x00001000         xrw
*default*        0x00000000         0xffffffff

Linker script and memory map

LOAD /usr/lib/gcc/arm-none-eabi/8.3.1/thumb/v6-m/nofp/crti.o
LOAD /usr/lib/gcc/arm-none-eabi/8.3.1/thumb/v6-m/nofp/crtbegin.o
LOAD /usr/lib/gcc/arm-none-eabi/8.3.1/../../../arm-none-eabi/lib/thumb/v6-m/nofp/crt0.o

.flash_begin    0x10000000        0x0
                0x10000000                __flash_binary_start = .

.boot2          0x10000000      0x100
                0x10000000                __boot2_start__ = .
 *(.boot2)
 .boot2         0x10000000      0x100 /tmp/ccsmu7Dj.o
                0x10000100                __boot2_end__ = .
                0x00000001                ASSERT (((__boot2_end__ - __boot2_start__) == 0x100), ERROR: Pico second stage bootloader must be 256 bytes in size)

.text           0x10000100     0x2108
                0x10000100                __logical_binary_start = .
 *(.vectors)
 .vectors       0x10000100       0xd4 CMakeFiles/blink_led_serial.dir/opt/pico-sdk/src/rp2_common/pico_standard_link/crt0.S.obj
                0x10000100                __vectors
                0x10000100                __VECTOR_TABLE
                0x100001c0                isr_invalid
                0x100001c0                __default_isrs_start
                0x100001c2                isr_nmi
                0x100001c4                isr_hardfault
                0x100001c6                isr_svcall
                0x100001c8                isr_pendsv
                0x100001ca                isr_systick
                0x100001cc                isr_irq30
                0x100001cc                __unhandled_user_irq
                0x100001cc                isr_irq13
                0x100001cc                isr_irq27
                0x100001cc                isr_irq31
                0x100001cc                isr_irq5
                0x100001cc                isr_irq11
                0x100001cc                isr_irq23
                0x100001cc                isr_irq18
                0x100001cc                isr_irq28
                0x100001cc                isr_irq19
                0x100001cc                isr_irq0
                0x100001cc                isr_irq6
                0x100001cc                isr_irq22
                0x100001cc                isr_irq17
                0x100001cc                isr_irq14
                0x100001cc                isr_irq2
                0x100001cc                isr_irq10
                0x100001cc                isr_irq8
                0x100001cc                isr_irq24
                0x100001cc                isr_irq1
                0x100001cc                isr_irq7
                0x100001cc                isr_irq21
                0x100001cc                isr_irq20
                0x100001cc                isr_irq15
                0x100001cc                isr_irq25
                0x100001cc                isr_irq4
                0x100001cc                isr_irq16
                0x100001cc                isr_irq29
                0x100001cc                isr_irq26
                0x100001cc                __default_isrs_end
                0x100001cc                isr_irq3
                0x100001cc                isr_irq12
                0x100001cc                isr_irq9
                0x100001d2                unhandled_user_irq_num_in_r0
 *(.binary_info_header)
 .binary_info_header
                0x100001d4       0x14 CMakeFiles/blink_led_serial.dir/opt/pico-sdk/src/rp2_common/pico_standard_link/crt0.S.obj
                0x100001e8                __binary_info_header_end = .
 *(.reset)
 .reset         0x100001e8       0xa8 CMakeFiles/blink_led_serial.dir/opt/pico-sdk/src/rp2_common/pico_standard_link/crt0.S.obj
                0x100001e8                _entry_point
                0x10000266                __get_current_exception
 .reset         0x10000290       0x30 CMakeFiles/blink_led_serial.dir/opt/pico-sdk/src/rp2_common/pico_standard_link/binary_info.c.obj
 *(.init)
 .init          0x100002c0        0x4 /usr/lib/gcc/arm-none-eabi/8.3.1/thumb/v6-m/nofp/crti.o
                0x100002c0                _init
 *(EXCLUDE_FILE(*libm.a: *libc.a:*lib_a-mem*.o *libgcc.a:) .text*)
 .text          0x100002c4       0x98 /usr/lib/gcc/arm-none-eabi/8.3.1/thumb/v6-m/nofp/crtbegin.o
 .text.startup.main
                0x1000035c       0x78 CMakeFiles/blink_led_serial.dir/blink_led_serial.c.obj
                0x1000035c                main
 .text.gpio_set_function
                0x100003d4       0x30 CMakeFiles/blink_led_serial.dir/opt/pico-sdk/src/rp2_common/hardware_gpio/gpio.c.obj
                0x100003d4                gpio_set_function
 .text.gpio_init
                0x10000404       0x3c CMakeFiles/blink_led_serial.dir/opt/pico-sdk/src/rp2_common/hardware_gpio/gpio.c.obj
                0x10000404                gpio_init
 .text.hw_claim_or_assert
                0x10000440       0x44 CMakeFiles/blink_led_serial.dir/opt/pico-sdk/src/rp2_common/hardware_claim/claim.c.obj
                0x10000440                hw_claim_or_assert
 .text.running_on_fpga
                0x10000484       0x10 CMakeFiles/blink_led_serial.dir/opt/pico-sdk/src/rp2_common/pico_platform/platform.c.obj
                0x10000484                running_on_fpga
 .text.spin_locks_reset
                0x10000494       0x1c CMakeFiles/blink_led_serial.dir/opt/pico-sdk/src/rp2_common/hardware_sync/sync.c.obj
                0x10000494                spin_locks_reset
 .text.next_striped_spin_lock_num
                0x100004b0       0x18 CMakeFiles/blink_led_serial.dir/opt/pico-sdk/src/rp2_common/hardware_sync/sync.c.obj
                0x100004b0                next_striped_spin_lock_num
 .text.uart_init
                0x100004c8       0xe4 CMakeFiles/blink_led_serial.dir/opt/pico-sdk/src/rp2_common/hardware_uart/uart.c.obj
                0x100004c8                uart_init
 .text.timer_pool_entry_comparator
                0x100005ac       0x34 CMakeFiles/blink_led_serial.dir/opt/pico-sdk/src/common/pico_time/time.c.obj
                0x100005ac                timer_pool_entry_comparator
 .text.add_alarm_under_lock
                0x100005e0      0x114 CMakeFiles/blink_led_serial.dir/opt/pico-sdk/src/common/pico_time/time.c.obj
 .text.alarm_pool_alarm_callback
                0x100006f4      0x1d0 CMakeFiles/blink_led_serial.dir/opt/pico-sdk/src/common/pico_time/time.c.obj
 .text.alarm_pool_init_default
                0x100008c4       0x64 CMakeFiles/blink_led_serial.dir/opt/pico-sdk/src/common/pico_time/time.c.obj
                0x100008c4                alarm_pool_init_default
 .text.hardware_alarm_irq_handler
                0x10000928       0xb0 CMakeFiles/blink_led_serial.dir/opt/pico-sdk/src/rp2_common/hardware_timer/timer.c.obj
 .text.hardware_alarm_claim
                0x100009d8       0x18 CMakeFiles/blink_led_serial.dir/opt/pico-sdk/src/rp2_common/hardware_timer/timer.c.obj
                0x100009d8                hardware_alarm_claim
 .text.time_us_64
                0x100009f0       0x18 CMakeFiles/blink_led_serial.dir/opt/pico-sdk/src/rp2_common/hardware_timer/timer.c.obj
                0x100009f0                time_us_64
 .text.busy_wait_us
                0x10000a08       0x60 CMakeFiles/blink_led_serial.dir/opt/pico-sdk/src/rp2_common/hardware_timer/timer.c.obj
                0x10000a08                busy_wait_us
 .text.hardware_alarm_set_callback
                0x10000a68       0x8c CMakeFiles/blink_led_serial.dir/opt/pico-sdk/src/rp2_common/hardware_timer/timer.c.obj
                0x10000a68                hardware_alarm_set_callback
 .text.hardware_alarm_set_target
                0x10000af4       0xe8 CMakeFiles/blink_led_serial.dir/opt/pico-sdk/src/rp2_common/hardware_timer/timer.c.obj
                0x10000af4                hardware_alarm_set_target
 .text.hardware_alarm_cancel
                0x10000bdc       0x40 CMakeFiles/blink_led_serial.dir/opt/pico-sdk/src/rp2_common/hardware_timer/timer.c.obj
                0x10000bdc                hardware_alarm_cancel
 .text.lock_init
                0x10000c1c       0x10 CMakeFiles/blink_led_serial.dir/opt/pico-sdk/src/common/pico_sync/lock_core.c.obj
                0x10000c1c                lock_init
 .text.mutex_init
                0x10000c2c       0x1c CMakeFiles/blink_led_serial.dir/opt/pico-sdk/src/common/pico_sync/mutex.c.obj
                0x10000c2c                mutex_init
 .text.recursive_mutex_init
                0x10000c48       0x1c CMakeFiles/blink_led_serial.dir/opt/pico-sdk/src/common/pico_sync/mutex.c.obj
                0x10000c48                recursive_mutex_init
 .text.ph_merge_nodes
                0x10000c64       0x5c CMakeFiles/blink_led_serial.dir/opt/pico-sdk/src/common/pico_util/pheap.c.obj
 .text.ph_post_alloc_init
                0x10000cc0      0x1b8 CMakeFiles/blink_led_serial.dir/opt/pico-sdk/src/common/pico_util/pheap.c.obj
                0x10000cc0                ph_post_alloc_init
 .text.ph_merge_two_pass
                0x10000e78       0x4c CMakeFiles/blink_led_serial.dir/opt/pico-sdk/src/common/pico_util/pheap.c.obj
                0x10000e78                ph_merge_two_pass
 .text.ph_remove_any_head
                0x10000ec4      0x1b8 CMakeFiles/blink_led_serial.dir/opt/pico-sdk/src/common/pico_util/pheap.c.obj
 .text.ph_remove_head
                0x1000107c      0x1bc CMakeFiles/blink_led_serial.dir/opt/pico-sdk/src/common/pico_util/pheap.c.obj
                0x1000107c                ph_remove_head
 .text.ph_remove_and_free_node
                0x10001238       0x7c CMakeFiles/blink_led_serial.dir/opt/pico-sdk/src/common/pico_util/pheap.c.obj
                0x10001238                ph_remove_and_free_node
 .text.runtime_init
                0x100012b4       0xf4 CMakeFiles/blink_led_serial.dir/opt/pico-sdk/src/rp2_common/pico_runtime/runtime.c.obj
                0x100012b4                runtime_init
 .text.exit     0x100013a8        0x4 CMakeFiles/blink_led_serial.dir/opt/pico-sdk/src/rp2_common/pico_runtime/runtime.c.obj
                0x100013a8                exit
 .text.panic    0x100013ac       0x30 CMakeFiles/blink_led_serial.dir/opt/pico-sdk/src/rp2_common/pico_runtime/runtime.c.obj
                0x100013ac                panic
 .text.hard_assertion_failure
                0x100013dc        0xc CMakeFiles/blink_led_serial.dir/opt/pico-sdk/src/rp2_common/pico_runtime/runtime.c.obj
                0x100013dc                hard_assertion_failure
 .text.clocks_init
                0x100013e8      0x2c0 CMakeFiles/blink_led_serial.dir/opt/pico-sdk/src/rp2_common/hardware_clocks/clocks.c.obj
                0x100013e8                clocks_init
 .text.clock_get_hz
                0x100016a8        0xc CMakeFiles/blink_led_serial.dir/opt/pico-sdk/src/rp2_common/hardware_clocks/clocks.c.obj
                0x100016a8                clock_get_hz
 .text.irq_set_enabled
                0x100016b4       0x24 CMakeFiles/blink_led_serial.dir/opt/pico-sdk/src/rp2_common/hardware_irq/irq.c.obj
                0x100016b4                irq_set_enabled
 .text.irq_get_vtable_handler
                0x100016d8       0x10 CMakeFiles/blink_led_serial.dir/opt/pico-sdk/src/rp2_common/hardware_irq/irq.c.obj
                0x100016d8                irq_get_vtable_handler
 .text.irq_set_exclusive_handler
                0x100016e8       0x54 CMakeFiles/blink_led_serial.dir/opt/pico-sdk/src/rp2_common/hardware_irq/irq.c.obj
                0x100016e8                irq_set_exclusive_handler
 .text.irq_remove_handler
                0x1000173c      0x1bc CMakeFiles/blink_led_serial.dir/opt/pico-sdk/src/rp2_common/hardware_irq/irq.c.obj
                0x1000173c                irq_remove_handler
 .text.irq_add_tail_to_free_list
                0x100018f8       0xb4 CMakeFiles/blink_led_serial.dir/opt/pico-sdk/src/rp2_common/hardware_irq/irq.c.obj
                0x100018f8                irq_add_tail_to_free_list
 .text.irq_init_priorities
                0x100019ac       0x24 CMakeFiles/blink_led_serial.dir/opt/pico-sdk/src/rp2_common/hardware_irq/irq.c.obj
                0x100019ac                irq_init_priorities
 .text.pll_init
                0x100019d0       0xa4 CMakeFiles/blink_led_serial.dir/opt/pico-sdk/src/rp2_common/hardware_pll/pll.c.obj
                0x100019d0                pll_init
 .text.watchdog_start_tick
                0x10001a74       0x10 CMakeFiles/blink_led_serial.dir/opt/pico-sdk/src/rp2_common/hardware_watchdog/watchdog.c.obj
                0x10001a74                watchdog_start_tick
 .text.xosc_init
                0x10001a84       0x28 CMakeFiles/blink_led_serial.dir/opt/pico-sdk/src/rp2_common/hardware_xosc/xosc.c.obj
                0x10001a84                xosc_init
 .text._out_char
                0x10001aac       0x10 CMakeFiles/blink_led_serial.dir/opt/pico-sdk/src/rp2_common/pico_printf/printf.c.obj
 .text.weak_raw_vprintf
                0x10001abc       0x30 CMakeFiles/blink_led_serial.dir/opt/pico-sdk/src/rp2_common/pico_printf/printf.c.obj
                0x10001abc                weak_raw_vprintf
 .text          0x10001aec       0x10 CMakeFiles/blink_led_serial.dir/opt/pico-sdk/src/rp2_common/pico_bit_ops/bit_ops_aeabi.S.obj
 .text.rom_func_lookup
                0x10001afc       0x10 CMakeFiles/blink_led_serial.dir/opt/pico-sdk/src/rp2_common/pico_bootrom/bootrom.c.obj
                0x10001afc                rom_func_lookup
 .text.rom_data_lookup
                0x10001b0c       0x10 CMakeFiles/blink_led_serial.dir/opt/pico-sdk/src/rp2_common/pico_bootrom/bootrom.c.obj
                0x10001b0c                rom_data_lookup
 .text.rom_funcs_lookup
                0x10001b1c       0x3c CMakeFiles/blink_led_serial.dir/opt/pico-sdk/src/rp2_common/pico_bootrom/bootrom.c.obj
                0x10001b1c                rom_funcs_lookup
 .text.__wrap___aeabi_uidiv
                0x10001b58       0x4c CMakeFiles/blink_led_serial.dir/opt/pico-sdk/src/rp2_common/pico_divider/divider.S.obj
                0x10001b58                __wrap___aeabi_uidiv
                0x10001b58                __wrap___aeabi_uidivmod
                0x10001b58                div_u32u32
                0x10001b58                divmod_u32u32
                0x10001b60                divmod_u32u32_unsafe
                0x10001b88                divmod_u32u32_savestate
 .text.__aeabi_double_init
                0x10001ba4       0xbc CMakeFiles/blink_led_serial.dir/opt/pico-sdk/src/rp2_common/pico_double/double_init_rom.c.obj
                0x10001ba4                __aeabi_double_init
 .text.double_table_shim_on_use_helper
                0x10001c60       0x2c CMakeFiles/blink_led_serial.dir/opt/pico-sdk/src/rp2_common/pico_double/double_v1_rom_shim.S.obj
                0x10001c60                double_table_shim_on_use_helper
 .text.__aeabi_float_init
                0x10001c8c       0x68 CMakeFiles/blink_led_serial.dir/opt/pico-sdk/src/rp2_common/pico_float/float_init_rom.c.obj
                0x10001c8c                __aeabi_float_init
 .text.float_table_shim_on_use_helper
                0x10001cf4       0x2c CMakeFiles/blink_led_serial.dir/opt/pico-sdk/src/rp2_common/pico_float/float_v1_rom_shim.S.obj
                0x10001cf4                float_table_shim_on_use_helper
 .text          0x10001d20       0x10 CMakeFiles/blink_led_serial.dir/opt/pico-sdk/src/rp2_common/pico_mem_ops/mem_ops_aeabi.S.obj
                0x10001d20                __aeabi_mem_init
 .text.memcpy   0x10001d30        0xc CMakeFiles/blink_led_serial.dir/opt/pico-sdk/src/rp2_common/pico_mem_ops/mem_ops_aeabi.S.obj
                0x10001d30                __wrap___aeabi_memcpy
                0x10001d30                __wrap_memcpy
 .text.stdio_out_chars_no_crlf
                0x10001d3c       0x10 CMakeFiles/blink_led_serial.dir/opt/pico-sdk/src/rp2_common/pico_stdio/stdio.c.obj
 .text.stdio_out_chars_crlf
                0x10001d4c       0xac CMakeFiles/blink_led_serial.dir/opt/pico-sdk/src/rp2_common/pico_stdio/stdio.c.obj
 .text.stdio_put_string
                0x10001df8       0xf8 CMakeFiles/blink_led_serial.dir/opt/pico-sdk/src/rp2_common/pico_stdio/stdio.c.obj
 .text.__wrap_putchar
                0x10001ef0       0xa4 CMakeFiles/blink_led_serial.dir/opt/pico-sdk/src/rp2_common/pico_stdio/stdio.c.obj
                0x10001ef0                __wrap_putchar
 .text.__wrap_puts
                0x10001f94       0x3c CMakeFiles/blink_led_serial.dir/opt/pico-sdk/src/rp2_common/pico_stdio/stdio.c.obj
                0x10001f94                __wrap_puts
 .text.stdio_set_driver_enabled
                0x10001fd0       0x3c CMakeFiles/blink_led_serial.dir/opt/pico-sdk/src/rp2_common/pico_stdio/stdio.c.obj
                0x10001fd0                stdio_set_driver_enabled
 .text.stdio_init_all
                0x1000200c        0x8 CMakeFiles/blink_led_serial.dir/opt/pico-sdk/src/rp2_common/pico_stdio/stdio.c.obj
                0x1000200c                stdio_init_all
 .text.__wrap_getchar
                0x10002014       0x78 CMakeFiles/blink_led_serial.dir/opt/pico-sdk/src/rp2_common/pico_stdio/stdio.c.obj
                0x10002014                __wrap_getchar
 .text.stdio_uart_out_chars
                0x1000208c       0x4c CMakeFiles/blink_led_serial.dir/opt/pico-sdk/src/rp2_common/pico_stdio_uart/stdio_uart.c.obj
 .text.stdio_uart_in_chars
                0x100020d8       0x3c CMakeFiles/blink_led_serial.dir/opt/pico-sdk/src/rp2_common/pico_stdio_uart/stdio_uart.c.obj
                0x100020d8                stdio_uart_in_chars
 .text.stdio_uart_init
                0x10002114       0x48 CMakeFiles/blink_led_serial.dir/opt/pico-sdk/src/rp2_common/pico_stdio_uart/stdio_uart.c.obj
                0x10002114                stdio_uart_init
 .text          0x1000215c       0x68 /usr/lib/gcc/arm-none-eabi/8.3.1/../../../arm-none-eabi/lib/thumb/v6-m/nofp/libc.a(lib_a-strlen-stub.o)
                0x1000215c                strlen
 *(.fini)
 .fini          0x100021c4        0x4 /usr/lib/gcc/arm-none-eabi/8.3.1/thumb/v6-m/nofp/crti.o
                0x100021c4                _fini
 .fini.__stub   0x100021c8       0x40 linker stubs
 *crtbegin.o(.ctors)
 *crtbegin?.o(.ctors)
 *(EXCLUDE_FILE(*crtend.o *crtend?.o) .ctors)
 *(SORT_BY_NAME(.ctors.*))
 *(.ctors)
 *crtbegin.o(.dtors)
 *crtbegin?.o(.dtors)
 *(EXCLUDE_FILE(*crtend.o *crtend?.o) .dtors)
 *(SORT_BY_NAME(.dtors.*))
 *(.dtors)
 *(.eh_frame*)
 .eh_frame      0x10002208        0x0 /usr/lib/gcc/arm-none-eabi/8.3.1/thumb/v6-m/nofp/crtbegin.o
                0x10002208                . = ALIGN (0x4)

.glue_7         0x10002208        0x0
 .glue_7        0x10002208        0x0 linker stubs

.glue_7t        0x10002208        0x0
 .glue_7t       0x10002208        0x0 linker stubs

.vfp11_veneer   0x10002208        0x0
 .vfp11_veneer  0x10002208        0x0 linker stubs

.v4_bx          0x10002208        0x0
 .v4_bx         0x10002208        0x0 linker stubs

.iplt           0x10002208        0x0
 .iplt          0x10002208        0x0 /usr/lib/gcc/arm-none-eabi/8.3.1/thumb/v6-m/nofp/crtbegin.o

.rodata         0x10002208      0x154
 *(EXCLUDE_FILE(*libm.a: *libc.a:*lib_a-mem*.o *libgcc.a:) .rodata*)
 .rodata.main.str1.4
                0x10002208       0x57 CMakeFiles/blink_led_serial.dir/blink_led_serial.c.obj
 *fill*         0x1000225f        0x1 
 .rodata.at_the_end_of_time
                0x10002260        0x8 CMakeFiles/blink_led_serial.dir/opt/pico-sdk/src/common/pico_time/time.c.obj
                0x10002260                at_the_end_of_time
 .rodata.hardware_alarm_claim.str1.4
                0x10002268       0x22 CMakeFiles/blink_led_serial.dir/opt/pico-sdk/src/rp2_common/hardware_timer/timer.c.obj
 *fill*         0x1000228a        0x2 
 .rodata.hard_assertion_failure.str1.4
                0x1000228c        0xc CMakeFiles/blink_led_serial.dir/opt/pico-sdk/src/rp2_common/pico_runtime/runtime.c.obj
 .rodata.panic.str1.4
                0x10002298       0x12 CMakeFiles/blink_led_serial.dir/opt/pico-sdk/src/rp2_common/pico_runtime/runtime.c.obj
 *fill*         0x100022aa        0x2 
 .rodata.__bi_44
                0x100022ac        0xc CMakeFiles/blink_led_serial.dir/opt/pico-sdk/src/rp2_common/pico_standard_link/binary_info.c.obj
 .rodata.__bi_75
                0x100022b8        0xc CMakeFiles/blink_led_serial.dir/opt/pico-sdk/src/rp2_common/pico_standard_link/binary_info.c.obj
 .rodata.__bi_81
                0x100022c4        0xc CMakeFiles/blink_led_serial.dir/opt/pico-sdk/src/rp2_common/pico_standard_link/binary_info.c.obj
 .rodata.str1.4
                0x100022d0       0x48 CMakeFiles/blink_led_serial.dir/opt/pico-sdk/src/rp2_common/pico_standard_link/binary_info.c.obj
 .rodata.crlf_str.6101
                0x10002318        0x2 CMakeFiles/blink_led_serial.dir/opt/pico-sdk/src/rp2_common/pico_stdio/stdio.c.obj
 *fill*         0x1000231a        0x2 
 .rodata.__bi_28.4800
                0x1000231c        0xc CMakeFiles/blink_led_serial.dir/opt/pico-sdk/src/rp2_common/pico_stdio_uart/stdio_uart.c.obj
 .rodata.__bi_29.4804
                0x10002328        0x8 CMakeFiles/blink_led_serial.dir/opt/pico-sdk/src/rp2_common/pico_stdio_uart/stdio_uart.c.obj
 .rodata.str1.4
                0x10002330       0x2c CMakeFiles/blink_led_serial.dir/opt/pico-sdk/src/rp2_common/pico_stdio_uart/stdio_uart.c.obj
                0x1000235c                . = ALIGN (0x4)
 *(SORT_BY_ALIGNMENT(SORT_BY_NAME(.flashdata*)))
                0x1000235c                . = ALIGN (0x4)

.rel.dyn        0x1000235c        0x0
 .rel.iplt      0x1000235c        0x0 /usr/lib/gcc/arm-none-eabi/8.3.1/thumb/v6-m/nofp/crtbegin.o

.ARM.extab
 *(.ARM.extab* .gnu.linkonce.armextab.*)
                0x1000235c                __exidx_start = .

.ARM.exidx
 *(.ARM.exidx* .gnu.linkonce.armexidx.*)
                0x1000235c                __exidx_end = .
                0x1000235c                . = ALIGN (0x4)
                0x1000235c                __binary_info_start = .

.binary_info    0x1000235c       0x24
 *(.binary_info.keep.*)
 .binary_info.keep.__bi_ptr22
                0x1000235c        0x4 CMakeFiles/blink_led_serial.dir/opt/pico-sdk/src/rp2_common/pico_standard_link/binary_info.c.obj
 .binary_info.keep.__bi_ptr30
                0x10002360        0x4 CMakeFiles/blink_led_serial.dir/opt/pico-sdk/src/rp2_common/pico_standard_link/binary_info.c.obj
 .binary_info.keep.__bi_ptr38
                0x10002364        0x4 CMakeFiles/blink_led_serial.dir/opt/pico-sdk/src/rp2_common/pico_standard_link/binary_info.c.obj
 .binary_info.keep.__bi_ptr44
                0x10002368        0x4 CMakeFiles/blink_led_serial.dir/opt/pico-sdk/src/rp2_common/pico_standard_link/binary_info.c.obj
 .binary_info.keep.__bi_ptr50
                0x1000236c        0x4 CMakeFiles/blink_led_serial.dir/opt/pico-sdk/src/rp2_common/pico_standard_link/binary_info.c.obj
 .binary_info.keep.__bi_ptr75
                0x10002370        0x4 CMakeFiles/blink_led_serial.dir/opt/pico-sdk/src/rp2_common/pico_standard_link/binary_info.c.obj
 .binary_info.keep.__bi_ptr81
                0x10002374        0x4 CMakeFiles/blink_led_serial.dir/opt/pico-sdk/src/rp2_common/pico_standard_link/binary_info.c.obj
 *(.binary_info.*)
 .binary_info.__bi_ptr28
                0x10002378        0x4 CMakeFiles/blink_led_serial.dir/opt/pico-sdk/src/rp2_common/pico_stdio_uart/stdio_uart.c.obj
 .binary_info.__bi_ptr29
                0x1000237c        0x4 CMakeFiles/blink_led_serial.dir/opt/pico-sdk/src/rp2_common/pico_stdio_uart/stdio_uart.c.obj
                0x10002380                __binary_info_end = .
                0x10002380                . = ALIGN (0x4)
                0x10002380                __etext = .

.ram_vector_table
                0x20000000       0xc0
 *(.ram_vector_table)
 .ram_vector_table
                0x20000000       0xc0 CMakeFiles/blink_led_serial.dir/opt/pico-sdk/src/rp2_common/pico_runtime/runtime.c.obj
                0x20000000                ram_vector_table

.data           0x200000c0      0x180 load address 0x10002380
                0x200000c0                __data_start__ = .
 *(vtable)
 *(.time_critical*)
 .time_critical.mutex_enter_blocking
                0x200000c0       0x48 CMakeFiles/blink_led_serial.dir/opt/pico-sdk/src/common/pico_sync/mutex.c.obj
                0x200000c0                mutex_enter_blocking
 .time_critical.mutex_try_enter
                0x20000108       0x48 CMakeFiles/blink_led_serial.dir/opt/pico-sdk/src/common/pico_sync/mutex.c.obj
                0x20000108                mutex_try_enter
 .time_critical.mutex_exit
                0x20000150       0x28 CMakeFiles/blink_led_serial.dir/opt/pico-sdk/src/common/pico_sync/mutex.c.obj
                0x20000150                mutex_exit
 *(.text*)
 .text          0x20000178        0x4 /usr/lib/gcc/arm-none-eabi/8.3.1/thumb/v6-m/nofp/libgcc.a(_dvmd_tls.o)
                0x20000178                __aeabi_ldiv0
                0x20000178                __aeabi_idiv0
                0x2000017c                . = ALIGN (0x4)
 *(.rodata*)
                0x2000017c                . = ALIGN (0x4)
 *(.data*)
 .data.striped_spin_lock_num
                0x2000017c        0x1 CMakeFiles/blink_led_serial.dir/opt/pico-sdk/src/rp2_common/hardware_sync/sync.c.obj
 *fill*         0x2000017d        0x3 
 .data.default_alarm_pool
                0x20000180       0x18 CMakeFiles/blink_led_serial.dir/opt/pico-sdk/src/common/pico_time/time.c.obj
 .data.default_alarm_pool_heap
                0x20000198       0x10 CMakeFiles/blink_led_serial.dir/opt/pico-sdk/src/common/pico_time/time.c.obj
 .data          0x200001a8       0x48 CMakeFiles/blink_led_serial.dir/opt/pico-sdk/src/rp2_common/hardware_irq/irq_handler_chain.S.obj
                0x200001a8                irq_handler_chain_slots
                0x200001d8                irq_handler_chain_first_slot
                0x200001e2                irq_handler_chain_remove_tail
 .data.aeabi_bits_funcs
                0x200001f0       0x10 CMakeFiles/blink_led_serial.dir/opt/pico-sdk/src/rp2_common/pico_bit_ops/bit_ops_aeabi.S.obj
                0x200001f0                aeabi_bits_funcs
                0x20000200                aeabi_bits_funcs_end
 .data.aeabi_mem_funcs
                0x20000200       0x10 CMakeFiles/blink_led_serial.dir/opt/pico-sdk/src/rp2_common/pico_mem_ops/mem_ops_aeabi.S.obj
                0x20000200                aeabi_mem_funcs
                0x20000210                aeabi_mem_funcs_end
 .data.stdio_uart
                0x20000210       0x14 CMakeFiles/blink_led_serial.dir/opt/pico-sdk/src/rp2_common/pico_stdio_uart/stdio_uart.c.obj
                0x20000210                stdio_uart
                0x20000224                . = ALIGN (0x4)
 *(.after_data.*)
                0x20000224                . = ALIGN (0x4)
                0x20000224                PROVIDE (__mutex_array_start = .)
 *(SORT_BY_NAME(.mutex_array.*))
 *(.mutex_array)
 .mutex_array   0x20000224        0x8 CMakeFiles/blink_led_serial.dir/opt/pico-sdk/src/rp2_common/pico_stdio/stdio.c.obj
                0x2000022c                PROVIDE (__mutex_array_end = .)
                0x2000022c                . = ALIGN (0x4)
                0x2000022c                PROVIDE (__preinit_array_start = .)
 *(SORT_BY_NAME(.preinit_array.*))
 .preinit_array.00001
                0x2000022c        0x4 CMakeFiles/blink_led_serial.dir/opt/pico-sdk/src/rp2_common/pico_mem_ops/mem_ops_aeabi.S.obj
 .preinit_array.00010
                0x20000230        0x4 CMakeFiles/blink_led_serial.dir/opt/pico-sdk/src/rp2_common/pico_bit_ops/bit_ops_aeabi.S.obj
 .preinit_array.00020
                0x20000234        0x4 CMakeFiles/blink_led_serial.dir/opt/pico-sdk/src/rp2_common/pico_double/double_aeabi.S.obj
 .preinit_array.00020
                0x20000238        0x4 CMakeFiles/blink_led_serial.dir/opt/pico-sdk/src/rp2_common/pico_float/float_aeabi.S.obj
 *(.preinit_array)
                0x2000023c                PROVIDE (__preinit_array_end = .)
                0x2000023c                . = ALIGN (0x4)
                0x2000023c                PROVIDE (__init_array_start = .)
 *(SORT_BY_NAME(.init_array.*))
 *(.init_array)
 .init_array    0x2000023c        0x4 /usr/lib/gcc/arm-none-eabi/8.3.1/thumb/v6-m/nofp/crtbegin.o
                0x20000240                PROVIDE (__init_array_end = .)
                0x20000240                . = ALIGN (0x4)
                0x20000240                PROVIDE (__fini_array_start = .)
 *(SORT_BY_NAME(.fini_array.*))
 *(.fini_array)
                0x20000240                PROVIDE (__fini_array_end = .)
 *(.jcr)
                0x20000240                . = ALIGN (0x4)
                0x20000240                __data_end__ = .

.tm_clone_table
                0x20000240        0x0 load address 0x10002500
 .tm_clone_table
                0x20000240        0x0 /usr/lib/gcc/arm-none-eabi/8.3.1/thumb/v6-m/nofp/crtbegin.o
 .tm_clone_table
                0x20000240        0x0 /usr/lib/gcc/arm-none-eabi/8.3.1/thumb/v6-m/nofp/crtend.o

.igot.plt       0x20000240        0x0 load address 0x10002500
 .igot.plt      0x20000240        0x0 /usr/lib/gcc/arm-none-eabi/8.3.1/thumb/v6-m/nofp/crtbegin.o

.uninitialized_data
                0x20000240        0x0 load address 0x10002500
                0x20000240                . = ALIGN (0x4)
 *(.uninitialized_data*)

.scratch_x      0x20040000        0x0 load address 0x10002500
                0x20040000                __scratch_x_start__ = .
 *(.scratch_x.*)
                0x20040000                . = ALIGN (0x4)
                0x20040000                __scratch_x_end__ = .
                0x10002500                __scratch_x_source__ = LOADADDR (.scratch_x)

.scratch_y      0x20041000        0x0 load address 0x10002500
                0x20041000                __scratch_y_start__ = .
 *(.scratch_y.*)
                0x20041000                . = ALIGN (0x4)
                0x20041000                __scratch_y_end__ = .
                0x10002500                __scratch_y_source__ = LOADADDR (.scratch_y)

.bss            0x20000240      0x3d4
                0x20000240                . = ALIGN (0x4)
                0x20000240                __bss_start__ = .
 *(SORT_BY_ALIGNMENT(SORT_BY_NAME(.bss*)))
 .bss.default_alarm_pool_entries
                0x20000240      0x100 CMakeFiles/blink_led_serial.dir/opt/pico-sdk/src/common/pico_time/time.c.obj
 .bss           0x20000340       0x1c /usr/lib/gcc/arm-none-eabi/8.3.1/thumb/v6-m/nofp/crtbegin.o
 .bss.alarm_callbacks
                0x2000035c       0x10 CMakeFiles/blink_led_serial.dir/opt/pico-sdk/src/rp2_common/hardware_timer/timer.c.obj
 .bss.configured_freq
                0x2000036c       0x28 CMakeFiles/blink_led_serial.dir/opt/pico-sdk/src/rp2_common/hardware_clocks/clocks.c.obj
 .bss.default_alarm_pool_entry_ids_high
                0x20000394       0x10 CMakeFiles/blink_led_serial.dir/opt/pico-sdk/src/common/pico_time/time.c.obj
 .bss.default_alarm_pool_heap_nodes
                0x200003a4       0x30 CMakeFiles/blink_led_serial.dir/opt/pico-sdk/src/common/pico_time/time.c.obj
 .bss.drivers   0x200003d4        0x4 CMakeFiles/blink_led_serial.dir/opt/pico-sdk/src/rp2_common/pico_stdio/stdio.c.obj
 .bss.filter    0x200003d8        0x4 CMakeFiles/blink_led_serial.dir/opt/pico-sdk/src/rp2_common/pico_stdio/stdio.c.obj
 .bss.lazy_vsnprintf
                0x200003dc        0x4 CMakeFiles/blink_led_serial.dir/opt/pico-sdk/src/rp2_common/pico_printf/printf.c.obj
 .bss.pools     0x200003e0       0x10 CMakeFiles/blink_led_serial.dir/opt/pico-sdk/src/common/pico_time/time.c.obj
 .bss.sf_clz_func
                0x200003f0        0x4 CMakeFiles/blink_led_serial.dir/opt/pico-sdk/src/rp2_common/pico_double/double_init_rom.c.obj
                0x200003f0                sf_clz_func
 .bss.sleep_notifier
                0x200003f4        0x4 CMakeFiles/blink_led_serial.dir/opt/pico-sdk/src/common/pico_time/time.c.obj
 .bss.target_hi
                0x200003f8       0x10 CMakeFiles/blink_led_serial.dir/opt/pico-sdk/src/rp2_common/hardware_timer/timer.c.obj
 .bss.uart_instance
                0x20000408        0x4 CMakeFiles/blink_led_serial.dir/opt/pico-sdk/src/rp2_common/pico_stdio_uart/stdio_uart.c.obj
 .bss.claimed   0x2000040c        0x1 CMakeFiles/blink_led_serial.dir/opt/pico-sdk/src/rp2_common/hardware_timer/timer.c.obj
 .bss.irq_hander_chain_free_slot_head
                0x2000040d        0x1 CMakeFiles/blink_led_serial.dir/opt/pico-sdk/src/rp2_common/hardware_irq/irq.c.obj
 .bss.timer_callbacks_pending
                0x2000040e        0x1 CMakeFiles/blink_led_serial.dir/opt/pico-sdk/src/rp2_common/hardware_timer/timer.c.obj
 *(COMMON)
 *fill*         0x2000040f        0x1 
 COMMON         0x20000410        0x4 CMakeFiles/blink_led_serial.dir/opt/pico-sdk/src/rp2_common/hardware_uart/uart.c.obj
                0x20000410                uart_char_to_line_feed
 COMMON         0x20000414      0x100 CMakeFiles/blink_led_serial.dir/opt/pico-sdk/src/rp2_common/pico_double/double_init_rom.c.obj
                0x20000414                sd_table
 COMMON         0x20000514      0x100 CMakeFiles/blink_led_serial.dir/opt/pico-sdk/src/rp2_common/pico_float/float_init_rom.c.obj
                0x20000514                sf_table
                0x20000614                . = ALIGN (0x4)
                0x20000614                __bss_end__ = .

.heap           0x20000614      0x800
                0x20000614                __end__ = .
                0x20000614                end = __end__
 *(.heap*)
 .heap          0x20000614      0x800 CMakeFiles/blink_led_serial.dir/opt/pico-sdk/src/rp2_common/pico_standard_link/crt0.S.obj
                0x20000e14                __HeapLimit = .

.stack1_dummy   0x20040000        0x0
 *(.stack1*)

.stack_dummy    0x20041000      0x800
 *(.stack*)
 .stack         0x20041000      0x800 CMakeFiles/blink_led_serial.dir/opt/pico-sdk/src/rp2_common/pico_standard_link/crt0.S.obj

.flash_end      0x10002500        0x0
                0x10002500                __flash_binary_end = .
                0x20040000                __StackLimit = (ORIGIN (RAM) + LENGTH (RAM))
                0x20041000                __StackOneTop = (ORIGIN (SCRATCH_X) + LENGTH (SCRATCH_X))
                0x20042000                __StackTop = (ORIGIN (SCRATCH_Y) + LENGTH (SCRATCH_Y))
                0x20041000                __StackOneBottom = (__StackOneTop - SIZEOF (.stack1_dummy))
                0x20041800                __StackBottom = (__StackTop - SIZEOF (.stack_dummy))
                0x20042000                PROVIDE (__stack = __StackTop)
                0x00000001                ASSERT ((__StackLimit >= __HeapLimit), region RAM overflowed)
                0x00000001                ASSERT (((__binary_info_header_end - __logical_binary_start) <= 0x100), Binary info must be in first 256 bytes of the binary)
LOAD CMakeFiles/blink_led_serial.dir/blink_led_serial.c.obj
LOAD CMakeFiles/blink_led_serial.dir/opt/pico-sdk/src/rp2_common/pico_stdlib/stdlib.c.obj
LOAD CMakeFiles/blink_led_serial.dir/opt/pico-sdk/src/rp2_common/hardware_gpio/gpio.c.obj
LOAD CMakeFiles/blink_led_serial.dir/opt/pico-sdk/src/rp2_common/hardware_claim/claim.c.obj
LOAD CMakeFiles/blink_led_serial.dir/opt/pico-sdk/src/rp2_common/pico_platform/platform.c.obj
LOAD CMakeFiles/blink_led_serial.dir/opt/pico-sdk/src/rp2_common/hardware_sync/sync.c.obj
LOAD CMakeFiles/blink_led_serial.dir/opt/pico-sdk/src/rp2_common/hardware_uart/uart.c.obj
LOAD CMakeFiles/blink_led_serial.dir/opt/pico-sdk/src/rp2_common/hardware_divider/divider.S.obj
LOAD CMakeFiles/blink_led_serial.dir/opt/pico-sdk/src/common/pico_time/time.c.obj
LOAD CMakeFiles/blink_led_serial.dir/opt/pico-sdk/src/common/pico_time/timeout_helper.c.obj
LOAD CMakeFiles/blink_led_serial.dir/opt/pico-sdk/src/rp2_common/hardware_timer/timer.c.obj
LOAD CMakeFiles/blink_led_serial.dir/opt/pico-sdk/src/common/pico_sync/sem.c.obj
LOAD CMakeFiles/blink_led_serial.dir/opt/pico-sdk/src/common/pico_sync/lock_core.c.obj
LOAD CMakeFiles/blink_led_serial.dir/opt/pico-sdk/src/common/pico_sync/mutex.c.obj
LOAD CMakeFiles/blink_led_serial.dir/opt/pico-sdk/src/common/pico_sync/critical_section.c.obj
LOAD CMakeFiles/blink_led_serial.dir/opt/pico-sdk/src/common/pico_util/datetime.c.obj
LOAD CMakeFiles/blink_led_serial.dir/opt/pico-sdk/src/common/pico_util/pheap.c.obj
LOAD CMakeFiles/blink_led_serial.dir/opt/pico-sdk/src/common/pico_util/queue.c.obj
LOAD CMakeFiles/blink_led_serial.dir/opt/pico-sdk/src/rp2_common/pico_runtime/runtime.c.obj
LOAD CMakeFiles/blink_led_serial.dir/opt/pico-sdk/src/rp2_common/hardware_clocks/clocks.c.obj
LOAD CMakeFiles/blink_led_serial.dir/opt/pico-sdk/src/rp2_common/hardware_irq/irq.c.obj
LOAD CMakeFiles/blink_led_serial.dir/opt/pico-sdk/src/rp2_common/hardware_irq/irq_handler_chain.S.obj
LOAD CMakeFiles/blink_led_serial.dir/opt/pico-sdk/src/rp2_common/hardware_pll/pll.c.obj
LOAD CMakeFiles/blink_led_serial.dir/opt/pico-sdk/src/rp2_common/hardware_vreg/vreg.c.obj
LOAD CMakeFiles/blink_led_serial.dir/opt/pico-sdk/src/rp2_common/hardware_watchdog/watchdog.c.obj
LOAD CMakeFiles/blink_led_serial.dir/opt/pico-sdk/src/rp2_common/hardware_xosc/xosc.c.obj
LOAD CMakeFiles/blink_led_serial.dir/opt/pico-sdk/src/rp2_common/pico_printf/printf.c.obj
LOAD CMakeFiles/blink_led_serial.dir/opt/pico-sdk/src/rp2_common/pico_bit_ops/bit_ops_aeabi.S.obj
LOAD CMakeFiles/blink_led_serial.dir/opt/pico-sdk/src/rp2_common/pico_bootrom/bootrom.c.obj
LOAD CMakeFiles/blink_led_serial.dir/opt/pico-sdk/src/rp2_common/pico_divider/divider.S.obj
LOAD CMakeFiles/blink_led_serial.dir/opt/pico-sdk/src/rp2_common/pico_double/double_aeabi.S.obj
LOAD CMakeFiles/blink_led_serial.dir/opt/pico-sdk/src/rp2_common/pico_double/double_init_rom.c.obj
LOAD CMakeFiles/blink_led_serial.dir/opt/pico-sdk/src/rp2_common/pico_double/double_math.c.obj
LOAD CMakeFiles/blink_led_serial.dir/opt/pico-sdk/src/rp2_common/pico_double/double_v1_rom_shim.S.obj
LOAD CMakeFiles/blink_led_serial.dir/opt/pico-sdk/src/rp2_common/pico_int64_ops/pico_int64_ops_aeabi.S.obj
LOAD CMakeFiles/blink_led_serial.dir/opt/pico-sdk/src/rp2_common/pico_float/float_aeabi.S.obj
LOAD CMakeFiles/blink_led_serial.dir/opt/pico-sdk/src/rp2_common/pico_float/float_init_rom.c.obj
LOAD CMakeFiles/blink_led_serial.dir/opt/pico-sdk/src/rp2_common/pico_float/float_math.c.obj
LOAD CMakeFiles/blink_led_serial.dir/opt/pico-sdk/src/rp2_common/pico_float/float_v1_rom_shim.S.obj
LOAD CMakeFiles/blink_led_serial.dir/opt/pico-sdk/src/rp2_common/pico_malloc/pico_malloc.c.obj
LOAD CMakeFiles/blink_led_serial.dir/opt/pico-sdk/src/rp2_common/pico_mem_ops/mem_ops_aeabi.S.obj
LOAD CMakeFiles/blink_led_serial.dir/opt/pico-sdk/src/rp2_common/pico_standard_link/crt0.S.obj
LOAD CMakeFiles/blink_led_serial.dir/opt/pico-sdk/src/rp2_common/pico_standard_link/new_delete.cpp.obj
LOAD CMakeFiles/blink_led_serial.dir/opt/pico-sdk/src/rp2_common/pico_standard_link/binary_info.c.obj
LOAD CMakeFiles/blink_led_serial.dir/opt/pico-sdk/src/rp2_common/pico_stdio/stdio.c.obj
LOAD CMakeFiles/blink_led_serial.dir/opt/pico-sdk/src/rp2_common/pico_stdio_uart/stdio_uart.c.obj
LOAD /tmp/ccsmu7Dj.o
LOAD /usr/lib/gcc/arm-none-eabi/8.3.1/../../../arm-none-eabi/lib/thumb/v6-m/nofp/libstdc++.a
LOAD /usr/lib/gcc/arm-none-eabi/8.3.1/../../../arm-none-eabi/lib/thumb/v6-m/nofp/libm.a
START GROUP
LOAD /usr/lib/gcc/arm-none-eabi/8.3.1/thumb/v6-m/nofp/libgcc.a
LOAD /usr/lib/gcc/arm-none-eabi/8.3.1/../../../arm-none-eabi/lib/thumb/v6-m/nofp/libc.a
END GROUP
START GROUP
LOAD /usr/lib/gcc/arm-none-eabi/8.3.1/thumb/v6-m/nofp/libgcc.a
LOAD /usr/lib/gcc/arm-none-eabi/8.3.1/../../../arm-none-eabi/lib/thumb/v6-m/nofp/libc.a
LOAD /usr/lib/gcc/arm-none-eabi/8.3.1/../../../arm-none-eabi/lib/thumb/v6-m/nofp/libnosys.a
END GROUP
LOAD /usr/lib/gcc/arm-none-eabi/8.3.1/thumb/v6-m/nofp/crtend.o
LOAD /usr/lib/gcc/arm-none-eabi/8.3.1/thumb/v6-m/nofp/crtn.o
OUTPUT(blink_led_serial.elf elf32-littlearm)
LOAD linker stubs

.ARM.attributes
                0x00000000       0x28
 .ARM.attributes
                0x00000000       0x1e /usr/lib/gcc/arm-none-eabi/8.3.1/thumb/v6-m/nofp/crti.o
 .ARM.attributes
                0x0000001e       0x2c /usr/lib/gcc/arm-none-eabi/8.3.1/thumb/v6-m/nofp/crtbegin.o
 .ARM.attributes
                0x0000004a       0x2c CMakeFiles/blink_led_serial.dir/blink_led_serial.c.obj
 .ARM.attributes
                0x00000076       0x2c CMakeFiles/blink_led_serial.dir/opt/pico-sdk/src/rp2_common/hardware_gpio/gpio.c.obj
 .ARM.attributes
                0x000000a2       0x2c CMakeFiles/blink_led_serial.dir/opt/pico-sdk/src/rp2_common/hardware_claim/claim.c.obj
 .ARM.attributes
                0x000000ce       0x2c CMakeFiles/blink_led_serial.dir/opt/pico-sdk/src/rp2_common/pico_platform/platform.c.obj
 .ARM.attributes
                0x000000fa       0x2c CMakeFiles/blink_led_serial.dir/opt/pico-sdk/src/rp2_common/hardware_sync/sync.c.obj
 .ARM.attributes
                0x00000126       0x2c CMakeFiles/blink_led_serial.dir/opt/pico-sdk/src/rp2_common/hardware_uart/uart.c.obj
 .ARM.attributes
                0x00000152       0x2c CMakeFiles/blink_led_serial.dir/opt/pico-sdk/src/common/pico_time/time.c.obj
 .ARM.attributes
                0x0000017e       0x2c CMakeFiles/blink_led_serial.dir/opt/pico-sdk/src/rp2_common/hardware_timer/timer.c.obj
 .ARM.attributes
                0x000001aa       0x2c CMakeFiles/blink_led_serial.dir/opt/pico-sdk/src/common/pico_sync/lock_core.c.obj
 .ARM.attributes
                0x000001d6       0x2c CMakeFiles/blink_led_serial.dir/opt/pico-sdk/src/common/pico_sync/mutex.c.obj
 .ARM.attributes
                0x00000202       0x2c CMakeFiles/blink_led_serial.dir/opt/pico-sdk/src/common/pico_util/pheap.c.obj
 .ARM.attributes
                0x0000022e       0x2c CMakeFiles/blink_led_serial.dir/opt/pico-sdk/src/rp2_common/pico_runtime/runtime.c.obj
 .ARM.attributes
                0x0000025a       0x2c CMakeFiles/blink_led_serial.dir/opt/pico-sdk/src/rp2_common/hardware_clocks/clocks.c.obj
 .ARM.attributes
                0x00000286       0x2c CMakeFiles/blink_led_serial.dir/opt/pico-sdk/src/rp2_common/hardware_irq/irq.c.obj
 .ARM.attributes
                0x000002b2       0x22 CMakeFiles/blink_led_serial.dir/opt/pico-sdk/src/rp2_common/hardware_irq/irq_handler_chain.S.obj
 .ARM.attributes
                0x000002d4       0x2c CMakeFiles/blink_led_serial.dir/opt/pico-sdk/src/rp2_common/hardware_pll/pll.c.obj
 .ARM.attributes
                0x00000300       0x2c CMakeFiles/blink_led_serial.dir/opt/pico-sdk/src/rp2_common/hardware_watchdog/watchdog.c.obj
 .ARM.attributes
                0x0000032c       0x2c CMakeFiles/blink_led_serial.dir/opt/pico-sdk/src/rp2_common/hardware_xosc/xosc.c.obj
 .ARM.attributes
                0x00000358       0x2c CMakeFiles/blink_led_serial.dir/opt/pico-sdk/src/rp2_common/pico_printf/printf.c.obj
 .ARM.attributes
                0x00000384       0x22 CMakeFiles/blink_led_serial.dir/opt/pico-sdk/src/rp2_common/pico_bit_ops/bit_ops_aeabi.S.obj
 .ARM.attributes
                0x000003a6       0x2c CMakeFiles/blink_led_serial.dir/opt/pico-sdk/src/rp2_common/pico_bootrom/bootrom.c.obj
 .ARM.attributes
                0x000003d2       0x22 CMakeFiles/blink_led_serial.dir/opt/pico-sdk/src/rp2_common/pico_divider/divider.S.obj
 .ARM.attributes
                0x000003f4       0x22 CMakeFiles/blink_led_serial.dir/opt/pico-sdk/src/rp2_common/pico_double/double_aeabi.S.obj
 .ARM.attributes
                0x00000416       0x2c CMakeFiles/blink_led_serial.dir/opt/pico-sdk/src/rp2_common/pico_double/double_init_rom.c.obj
 .ARM.attributes
                0x00000442       0x22 CMakeFiles/blink_led_serial.dir/opt/pico-sdk/src/rp2_common/pico_double/double_v1_rom_shim.S.obj
 .ARM.attributes
                0x00000464       0x22 CMakeFiles/blink_led_serial.dir/opt/pico-sdk/src/rp2_common/pico_float/float_aeabi.S.obj
 .ARM.attributes
                0x00000486       0x2c CMakeFiles/blink_led_serial.dir/opt/pico-sdk/src/rp2_common/pico_float/float_init_rom.c.obj
 .ARM.attributes
                0x000004b2       0x22 CMakeFiles/blink_led_serial.dir/opt/pico-sdk/src/rp2_common/pico_float/float_v1_rom_shim.S.obj
 .ARM.attributes
                0x000004d4       0x22 CMakeFiles/blink_led_serial.dir/opt/pico-sdk/src/rp2_common/pico_mem_ops/mem_ops_aeabi.S.obj
 .ARM.attributes
                0x000004f6       0x22 CMakeFiles/blink_led_serial.dir/opt/pico-sdk/src/rp2_common/pico_standard_link/crt0.S.obj
 .ARM.attributes
                0x00000518       0x32 CMakeFiles/blink_led_serial.dir/opt/pico-sdk/src/rp2_common/pico_standard_link/binary_info.c.obj
 .ARM.attributes
                0x0000054a       0x2c CMakeFiles/blink_led_serial.dir/opt/pico-sdk/src/rp2_common/pico_stdio/stdio.c.obj
 .ARM.attributes
                0x00000576       0x2c CMakeFiles/blink_led_serial.dir/opt/pico-sdk/src/rp2_common/pico_stdio_uart/stdio_uart.c.obj
 .ARM.attributes
                0x000005a2       0x22 /tmp/ccsmu7Dj.o
 .ARM.attributes
                0x000005c4       0x1e /usr/lib/gcc/arm-none-eabi/8.3.1/thumb/v6-m/nofp/libgcc.a(_dvmd_tls.o)
 .ARM.attributes
                0x000005e2       0x2c /usr/lib/gcc/arm-none-eabi/8.3.1/../../../arm-none-eabi/lib/thumb/v6-m/nofp/libc.a(lib_a-strlen-stub.o)
 .ARM.attributes
                0x0000060e       0x2c /usr/lib/gcc/arm-none-eabi/8.3.1/thumb/v6-m/nofp/crtend.o

.comment        0x00000000       0x9f
 .comment       0x00000000       0x51 /usr/lib/gcc/arm-none-eabi/8.3.1/thumb/v6-m/nofp/crtbegin.o
                                 0x52 (size before relaxing)
 .comment       0x00000051       0x52 CMakeFiles/blink_led_serial.dir/blink_led_serial.c.obj
 .comment       0x00000051       0x52 CMakeFiles/blink_led_serial.dir/opt/pico-sdk/src/rp2_common/hardware_gpio/gpio.c.obj
 .comment       0x00000051       0x52 CMakeFiles/blink_led_serial.dir/opt/pico-sdk/src/rp2_common/hardware_claim/claim.c.obj
 .comment       0x00000051       0x52 CMakeFiles/blink_led_serial.dir/opt/pico-sdk/src/rp2_common/pico_platform/platform.c.obj
 .comment       0x00000051       0x52 CMakeFiles/blink_led_serial.dir/opt/pico-sdk/src/rp2_common/hardware_sync/sync.c.obj
 .comment       0x00000051       0x52 CMakeFiles/blink_led_serial.dir/opt/pico-sdk/src/rp2_common/hardware_uart/uart.c.obj
 .comment       0x00000051       0x52 CMakeFiles/blink_led_serial.dir/opt/pico-sdk/src/common/pico_time/time.c.obj
 .comment       0x00000051       0x52 CMakeFiles/blink_led_serial.dir/opt/pico-sdk/src/rp2_common/hardware_timer/timer.c.obj
 .comment       0x00000051       0x52 CMakeFiles/blink_led_serial.dir/opt/pico-sdk/src/common/pico_sync/lock_core.c.obj
 .comment       0x00000051       0x52 CMakeFiles/blink_led_serial.dir/opt/pico-sdk/src/common/pico_sync/mutex.c.obj
 .comment       0x00000051       0x52 CMakeFiles/blink_led_serial.dir/opt/pico-sdk/src/common/pico_util/pheap.c.obj
 .comment       0x00000051       0x52 CMakeFiles/blink_led_serial.dir/opt/pico-sdk/src/rp2_common/pico_runtime/runtime.c.obj
 .comment       0x00000051       0x52 CMakeFiles/blink_led_serial.dir/opt/pico-sdk/src/rp2_common/hardware_clocks/clocks.c.obj
 .comment       0x00000051       0x52 CMakeFiles/blink_led_serial.dir/opt/pico-sdk/src/rp2_common/hardware_irq/irq.c.obj
 .comment       0x00000051       0x52 CMakeFiles/blink_led_serial.dir/opt/pico-sdk/src/rp2_common/hardware_pll/pll.c.obj
 .comment       0x00000051       0x52 CMakeFiles/blink_led_serial.dir/opt/pico-sdk/src/rp2_common/hardware_watchdog/watchdog.c.obj
 .comment       0x00000051       0x52 CMakeFiles/blink_led_serial.dir/opt/pico-sdk/src/rp2_common/hardware_xosc/xosc.c.obj
 .comment       0x00000051       0x52 CMakeFiles/blink_led_serial.dir/opt/pico-sdk/src/rp2_common/pico_printf/printf.c.obj
 .comment       0x00000051       0x52 CMakeFiles/blink_led_serial.dir/opt/pico-sdk/src/rp2_common/pico_bootrom/bootrom.c.obj
 .comment       0x00000051       0x52 CMakeFiles/blink_led_serial.dir/opt/pico-sdk/src/rp2_common/pico_double/double_init_rom.c.obj
 .comment       0x00000051       0x52 CMakeFiles/blink_led_serial.dir/opt/pico-sdk/src/rp2_common/pico_float/float_init_rom.c.obj
 .comment       0x00000051       0x52 CMakeFiles/blink_led_serial.dir/opt/pico-sdk/src/rp2_common/pico_standard_link/binary_info.c.obj
 .comment       0x00000051       0x52 CMakeFiles/blink_led_serial.dir/opt/pico-sdk/src/rp2_common/pico_stdio/stdio.c.obj
 .comment       0x00000051       0x52 CMakeFiles/blink_led_serial.dir/opt/pico-sdk/src/rp2_common/pico_stdio_uart/stdio_uart.c.obj
 .comment       0x00000051       0x4e /usr/lib/gcc/arm-none-eabi/8.3.1/../../../arm-none-eabi/lib/thumb/v6-m/nofp/libc.a(lib_a-strlen-stub.o)
                                 0x4f (size before relaxing)
 .comment       0x0000009f       0x52 /usr/lib/gcc/arm-none-eabi/8.3.1/thumb/v6-m/nofp/crtend.o

.debug_line     0x00000000      0x222
 .debug_line    0x00000000       0x60 /usr/lib/gcc/arm-none-eabi/8.3.1/thumb/v6-m/nofp/libgcc.a(_dvmd_tls.o)
 .debug_line    0x00000060      0x1c2 /usr/lib/gcc/arm-none-eabi/8.3.1/../../../arm-none-eabi/lib/thumb/v6-m/nofp/libc.a(lib_a-strlen-stub.o)

.debug_info     0x00000000      0x999
 .debug_info    0x00000000       0x26 /usr/lib/gcc/arm-none-eabi/8.3.1/thumb/v6-m/nofp/libgcc.a(_dvmd_tls.o)
 .debug_info    0x00000026      0x973 /usr/lib/gcc/arm-none-eabi/8.3.1/../../../arm-none-eabi/lib/thumb/v6-m/nofp/libc.a(lib_a-strlen-stub.o)

.debug_abbrev   0x00000000      0x1fc
 .debug_abbrev  0x00000000       0x14 /usr/lib/gcc/arm-none-eabi/8.3.1/thumb/v6-m/nofp/libgcc.a(_dvmd_tls.o)
 .debug_abbrev  0x00000014      0x1e8 /usr/lib/gcc/arm-none-eabi/8.3.1/../../../arm-none-eabi/lib/thumb/v6-m/nofp/libc.a(lib_a-strlen-stub.o)

.debug_aranges  0x00000000       0x40
 .debug_aranges
                0x00000000       0x20 /usr/lib/gcc/arm-none-eabi/8.3.1/thumb/v6-m/nofp/libgcc.a(_dvmd_tls.o)
 .debug_aranges
                0x00000020       0x20 /usr/lib/gcc/arm-none-eabi/8.3.1/../../../arm-none-eabi/lib/thumb/v6-m/nofp/libc.a(lib_a-strlen-stub.o)

.debug_str      0x00000000      0x613
 .debug_str     0x00000000       0xa3 /usr/lib/gcc/arm-none-eabi/8.3.1/thumb/v6-m/nofp/libgcc.a(_dvmd_tls.o)
 .debug_str     0x000000a3      0x570 /usr/lib/gcc/arm-none-eabi/8.3.1/../../../arm-none-eabi/lib/thumb/v6-m/nofp/libc.a(lib_a-strlen-stub.o)
                                0x5c2 (size before relaxing)

.debug_loc      0x00000000       0xa3
 .debug_loc     0x00000000       0xa3 /usr/lib/gcc/arm-none-eabi/8.3.1/../../../arm-none-eabi/lib/thumb/v6-m/nofp/libc.a(lib_a-strlen-stub.o)

.debug_frame    0x00000000       0x28
 .debug_frame   0x00000000       0x28 /usr/lib/gcc/arm-none-eabi/8.3.1/../../../arm-none-eabi/lib/thumb/v6-m/nofp/libc.a(lib_a-strlen-stub.o)
