Archive member included to satisfy reference by file (symbol)

/usr/lib/gcc/arm-none-eabi/8.3.1/thumb/v6-m/nofp/libgcc.a(_dvmd_tls.o)
                              CMakeFiles/blink_led.dir/opt/pico-sdk/src/rp2_common/pico_divider/divider.S.obj (__aeabi_idiv0)
/usr/lib/gcc/arm-none-eabi/8.3.1/../../../arm-none-eabi/lib/thumb/v6-m/nofp/libc.a(lib_a-atexit.o)
                              /usr/lib/gcc/arm-none-eabi/8.3.1/../../../arm-none-eabi/lib/thumb/v6-m/nofp/crt0.o (atexit)
/usr/lib/gcc/arm-none-eabi/8.3.1/../../../arm-none-eabi/lib/thumb/v6-m/nofp/libc.a(lib_a-calloc.o)
                              CMakeFiles/blink_led.dir/opt/pico-sdk/src/rp2_common/pico_malloc/pico_malloc.c.obj (calloc)
/usr/lib/gcc/arm-none-eabi/8.3.1/../../../arm-none-eabi/lib/thumb/v6-m/nofp/libc.a(lib_a-callocr.o)
                              /usr/lib/gcc/arm-none-eabi/8.3.1/../../../arm-none-eabi/lib/thumb/v6-m/nofp/libc.a(lib_a-calloc.o) (_calloc_r)
/usr/lib/gcc/arm-none-eabi/8.3.1/../../../arm-none-eabi/lib/thumb/v6-m/nofp/libc.a(lib_a-fini.o)
                              /usr/lib/gcc/arm-none-eabi/8.3.1/../../../arm-none-eabi/lib/thumb/v6-m/nofp/crt0.o (__libc_fini_array)
/usr/lib/gcc/arm-none-eabi/8.3.1/../../../arm-none-eabi/lib/thumb/v6-m/nofp/libc.a(lib_a-impure.o)
                              /usr/lib/gcc/arm-none-eabi/8.3.1/../../../arm-none-eabi/lib/thumb/v6-m/nofp/libc.a(lib_a-calloc.o) (_impure_ptr)
/usr/lib/gcc/arm-none-eabi/8.3.1/../../../arm-none-eabi/lib/thumb/v6-m/nofp/libc.a(lib_a-init.o)
                              /usr/lib/gcc/arm-none-eabi/8.3.1/../../../arm-none-eabi/lib/thumb/v6-m/nofp/crt0.o (__libc_init_array)
/usr/lib/gcc/arm-none-eabi/8.3.1/../../../arm-none-eabi/lib/thumb/v6-m/nofp/libc.a(lib_a-malloc.o)
                              CMakeFiles/blink_led.dir/opt/pico-sdk/src/rp2_common/pico_malloc/pico_malloc.c.obj (malloc)
/usr/lib/gcc/arm-none-eabi/8.3.1/../../../arm-none-eabi/lib/thumb/v6-m/nofp/libc.a(lib_a-mallocr.o)
                              /usr/lib/gcc/arm-none-eabi/8.3.1/../../../arm-none-eabi/lib/thumb/v6-m/nofp/libc.a(lib_a-callocr.o) (_malloc_r)
/usr/lib/gcc/arm-none-eabi/8.3.1/../../../arm-none-eabi/lib/thumb/v6-m/nofp/libc.a(lib_a-mlock.o)
                              /usr/lib/gcc/arm-none-eabi/8.3.1/../../../arm-none-eabi/lib/thumb/v6-m/nofp/libc.a(lib_a-mallocr.o) (__malloc_lock)
/usr/lib/gcc/arm-none-eabi/8.3.1/../../../arm-none-eabi/lib/thumb/v6-m/nofp/libc.a(lib_a-sbrkr.o)
                              /usr/lib/gcc/arm-none-eabi/8.3.1/../../../arm-none-eabi/lib/thumb/v6-m/nofp/libc.a(lib_a-mallocr.o) (_sbrk_r)
/usr/lib/gcc/arm-none-eabi/8.3.1/../../../arm-none-eabi/lib/thumb/v6-m/nofp/libc.a(lib_a-strlen-stub.o)
                              CMakeFiles/blink_led.dir/opt/pico-sdk/src/rp2_common/pico_stdio/stdio.c.obj (strlen)
/usr/lib/gcc/arm-none-eabi/8.3.1/../../../arm-none-eabi/lib/thumb/v6-m/nofp/libc.a(lib_a-__atexit.o)
                              /usr/lib/gcc/arm-none-eabi/8.3.1/../../../arm-none-eabi/lib/thumb/v6-m/nofp/libc.a(lib_a-atexit.o) (__register_exitproc)
/usr/lib/gcc/arm-none-eabi/8.3.1/../../../arm-none-eabi/lib/thumb/v6-m/nofp/libc.a(lib_a-freer.o)
                              /usr/lib/gcc/arm-none-eabi/8.3.1/../../../arm-none-eabi/lib/thumb/v6-m/nofp/libc.a(lib_a-malloc.o) (_free_r)
/usr/lib/gcc/arm-none-eabi/8.3.1/../../../arm-none-eabi/lib/thumb/v6-m/nofp/libc.a(lib_a-reent.o)
                              /usr/lib/gcc/arm-none-eabi/8.3.1/../../../arm-none-eabi/lib/thumb/v6-m/nofp/libc.a(lib_a-sbrkr.o) (errno)

Allocating common symbols
Common symbol       size              file

sf_table            0x100             CMakeFiles/blink_led.dir/opt/pico-sdk/src/rp2_common/pico_float/float_init_rom.c.obj
errno               0x4               /usr/lib/gcc/arm-none-eabi/8.3.1/../../../arm-none-eabi/lib/thumb/v6-m/nofp/libc.a(lib_a-reent.o)
_usbd_qdef_buf      0xc0              CMakeFiles/blink_led.dir/opt/pico-sdk/lib/tinyusb/src/device/usbd.c.obj
sf_clz_func         0x4               CMakeFiles/blink_led.dir/opt/pico-sdk/src/rp2_common/pico_float/float_init_rom.c.obj
sd_table            0x100             CMakeFiles/blink_led.dir/opt/pico-sdk/src/rp2_common/pico_double/double_init_rom.c.obj
uart_char_to_line_feed
                    0x4               CMakeFiles/blink_led.dir/opt/pico-sdk/src/rp2_common/hardware_uart/uart.c.obj

Discarded input sections

 .text          0x00000000        0x0 /usr/lib/gcc/arm-none-eabi/8.3.1/thumb/v6-m/nofp/crti.o
 .data          0x00000000        0x0 /usr/lib/gcc/arm-none-eabi/8.3.1/thumb/v6-m/nofp/crti.o
 .bss           0x00000000        0x0 /usr/lib/gcc/arm-none-eabi/8.3.1/thumb/v6-m/nofp/crti.o
 .data          0x00000000        0x4 /usr/lib/gcc/arm-none-eabi/8.3.1/thumb/v6-m/nofp/crtbegin.o
 .fini_array    0x00000000        0x4 /usr/lib/gcc/arm-none-eabi/8.3.1/thumb/v6-m/nofp/crtbegin.o
 .text          0x00000000       0x74 /usr/lib/gcc/arm-none-eabi/8.3.1/../../../arm-none-eabi/lib/thumb/v6-m/nofp/crt0.o
[...]
Memory Configuration

Name             Origin             Length             Attributes
FLASH            0x10000000         0x00200000         xr
RAM              0x20000000         0x00040000         xrw
SCRATCH_X        0x20040000         0x00001000         xrw
SCRATCH_Y        0x20041000         0x00001000         xrw
*default*        0x00000000         0xffffffff

Linker script and memory map

LOAD /usr/lib/gcc/arm-none-eabi/8.3.1/thumb/v6-m/nofp/crti.o
LOAD /usr/lib/gcc/arm-none-eabi/8.3.1/thumb/v6-m/nofp/crtbegin.o
LOAD /usr/lib/gcc/arm-none-eabi/8.3.1/../../../arm-none-eabi/lib/thumb/v6-m/nofp/crt0.o

.flash_begin    0x10000000        0x0
                0x10000000                __flash_binary_start = .

.boot2          0x10000000      0x100
                0x10000000                __boot2_start__ = .
 *(.boot2)
 .boot2         0x10000000      0x100 /tmp/cc8CODCW.o
                0x10000100                __boot2_end__ = .
                0x00000001                ASSERT (((__boot2_end__ - __boot2_start__) == 0x100), ERROR: Pico second stage bootloader must be 256 bytes in size)

.text           0x10000100     0x4a18
                0x10000100                __logical_binary_start = .
 *(.vectors)
 .vectors       0x10000100       0xd4 CMakeFiles/blink_led.dir/opt/pico-sdk/src/rp2_common/pico_standard_link/crt0.S.obj
                0x10000100                __vectors
                0x10000100                __VECTOR_TABLE
                0x100001c0                isr_invalid
                0x100001c0                __default_isrs_start
                0x100001c2                isr_nmi
                0x100001c4                isr_hardfault
                0x100001c6                isr_svcall
                0x100001c8                isr_pendsv
                0x100001ca                isr_systick
                0x100001cc                isr_irq30
                0x100001cc                __unhandled_user_irq
                0x100001cc                isr_irq13
                0x100001cc                isr_irq27
                0x100001cc                isr_irq31
                0x100001cc                isr_irq5
                0x100001cc                isr_irq11
                0x100001cc                isr_irq23
                0x100001cc                isr_irq18
                0x100001cc                isr_irq28
                0x100001cc                isr_irq19
                0x100001cc                isr_irq0
                0x100001cc                isr_irq6
                0x100001cc                isr_irq22
                0x100001cc                isr_irq17
                0x100001cc                isr_irq14
                0x100001cc                isr_irq2
                0x100001cc                isr_irq10
                0x100001cc                isr_irq8
                0x100001cc                isr_irq24
                0x100001cc                isr_irq1
                0x100001cc                isr_irq7
                0x100001cc                isr_irq21
                0x100001cc                isr_irq20
                0x100001cc                isr_irq15
                0x100001cc                isr_irq25
                0x100001cc                isr_irq4
                0x100001cc                isr_irq16
                0x100001cc                isr_irq29
                0x100001cc                isr_irq26
                0x100001cc                __default_isrs_end
                0x100001cc                isr_irq3
                0x100001cc                isr_irq12
                0x100001cc                isr_irq9
                0x100001d2                unhandled_user_irq_num_in_r0
 *(.binary_info_header)
 .binary_info_header
                0x100001d4       0x14 CMakeFiles/blink_led.dir/opt/pico-sdk/src/rp2_common/pico_standard_link/crt0.S.obj
                0x100001e8                __binary_info_header_end = .
 *(.reset)
 .reset         0x100001e8       0xa8 CMakeFiles/blink_led.dir/opt/pico-sdk/src/rp2_common/pico_standard_link/crt0.S.obj
                0x100001e8                _entry_point
                0x10000266                __get_current_exception
 .reset         0x10000290       0x30 CMakeFiles/blink_led.dir/opt/pico-sdk/src/rp2_common/pico_standard_link/binary_info.c.obj
 *(.init)
 .init          0x100002c0        0x4 /usr/lib/gcc/arm-none-eabi/8.3.1/thumb/v6-m/nofp/crti.o
                0x100002c0                _init
 *(EXCLUDE_FILE(*libm.a: *libc.a:*lib_a-mem*.o *libgcc.a:) .text*)
 .text          0x100002c4       0x98 /usr/lib/gcc/arm-none-eabi/8.3.1/thumb/v6-m/nofp/crtbegin.o
 .text.startup.main
                0x1000035c       0x78 CMakeFiles/blink_led.dir/blink_led.c.obj
                0x1000035c                main
 .text.gpio_init
                0x100003d4       0x3c CMakeFiles/blink_led.dir/opt/pico-sdk/src/rp2_common/hardware_gpio/gpio.c.obj
                0x100003d4                gpio_init
 .text.hw_claim_or_assert
                0x10000410       0x44 CMakeFiles/blink_led.dir/opt/pico-sdk/src/rp2_common/hardware_claim/claim.c.obj
                0x10000410                hw_claim_or_assert
 .text.hw_claim_unused_from_range
                0x10000454       0x9c CMakeFiles/blink_led.dir/opt/pico-sdk/src/rp2_common/hardware_claim/claim.c.obj
                0x10000454                hw_claim_unused_from_range
 .text.running_on_fpga
                0x100004f0       0x10 CMakeFiles/blink_led.dir/opt/pico-sdk/src/rp2_common/pico_platform/platform.c.obj
                0x100004f0                running_on_fpga
 .text.spin_locks_reset
                0x10000500       0x1c CMakeFiles/blink_led.dir/opt/pico-sdk/src/rp2_common/hardware_sync/sync.c.obj
                0x10000500                spin_locks_reset
 .text.next_striped_spin_lock_num
                0x1000051c       0x18 CMakeFiles/blink_led.dir/opt/pico-sdk/src/rp2_common/hardware_sync/sync.c.obj
                0x1000051c                next_striped_spin_lock_num
 .text.spin_lock_claim_unused
                0x10000534       0x20 CMakeFiles/blink_led.dir/opt/pico-sdk/src/rp2_common/hardware_sync/sync.c.obj
                0x10000534                spin_lock_claim_unused
 .text.timer_pool_entry_comparator
                0x10000554       0x34 CMakeFiles/blink_led.dir/opt/pico-sdk/src/common/pico_time/time.c.obj
                0x10000554                timer_pool_entry_comparator
 .text.sleep_until_callback
                0x10000588       0x30 CMakeFiles/blink_led.dir/opt/pico-sdk/src/common/pico_time/time.c.obj
 .text.add_alarm_under_lock
                0x100005b8      0x114 CMakeFiles/blink_led.dir/opt/pico-sdk/src/common/pico_time/time.c.obj
 .text.alarm_pool_alarm_callback
                0x100006cc      0x1d0 CMakeFiles/blink_led.dir/opt/pico-sdk/src/common/pico_time/time.c.obj
 .text.alarm_pool_init_default
                0x1000089c       0x64 CMakeFiles/blink_led.dir/opt/pico-sdk/src/common/pico_time/time.c.obj
                0x1000089c                alarm_pool_init_default
 .text.alarm_pool_get_default
                0x10000900        0x8 CMakeFiles/blink_led.dir/opt/pico-sdk/src/common/pico_time/time.c.obj
                0x10000900                alarm_pool_get_default
 .text.alarm_pool_add_alarm_at
                0x10000908      0x19c CMakeFiles/blink_led.dir/opt/pico-sdk/src/common/pico_time/time.c.obj
                0x10000908                alarm_pool_add_alarm_at
 .text.alarm_pool_cancel_alarm
                0x10000aa4       0x70 CMakeFiles/blink_led.dir/opt/pico-sdk/src/common/pico_time/time.c.obj
                0x10000aa4                alarm_pool_cancel_alarm
 .text.best_effort_wfe_or_timeout
                0x10000b14       0x58 CMakeFiles/blink_led.dir/opt/pico-sdk/src/common/pico_time/time.c.obj
                0x10000b14                best_effort_wfe_or_timeout
 .text.hardware_alarm_irq_handler
                0x10000b6c       0xb0 CMakeFiles/blink_led.dir/opt/pico-sdk/src/rp2_common/hardware_timer/timer.c.obj
 .text.hardware_alarm_claim
                0x10000c1c       0x18 CMakeFiles/blink_led.dir/opt/pico-sdk/src/rp2_common/hardware_timer/timer.c.obj
                0x10000c1c                hardware_alarm_claim
 .text.time_us_64
                0x10000c34       0x18 CMakeFiles/blink_led.dir/opt/pico-sdk/src/rp2_common/hardware_timer/timer.c.obj
                0x10000c34                time_us_64
 .text.busy_wait_us
                0x10000c4c       0x60 CMakeFiles/blink_led.dir/opt/pico-sdk/src/rp2_common/hardware_timer/timer.c.obj
                0x10000c4c                busy_wait_us
 .text.hardware_alarm_set_callback
                0x10000cac       0x8c CMakeFiles/blink_led.dir/opt/pico-sdk/src/rp2_common/hardware_timer/timer.c.obj
                0x10000cac                hardware_alarm_set_callback
 .text.hardware_alarm_set_target
                0x10000d38       0xe8 CMakeFiles/blink_led.dir/opt/pico-sdk/src/rp2_common/hardware_timer/timer.c.obj
                0x10000d38                hardware_alarm_set_target
 .text.hardware_alarm_cancel
                0x10000e20       0x40 CMakeFiles/blink_led.dir/opt/pico-sdk/src/rp2_common/hardware_timer/timer.c.obj
                0x10000e20                hardware_alarm_cancel
 .text.lock_init
                0x10000e60       0x10 CMakeFiles/blink_led.dir/opt/pico-sdk/src/common/pico_sync/lock_core.c.obj
                0x10000e60                lock_init
 .text.mutex_init
                0x10000e70       0x1c CMakeFiles/blink_led.dir/opt/pico-sdk/src/common/pico_sync/mutex.c.obj
                0x10000e70                mutex_init
 .text.recursive_mutex_init
                0x10000e8c       0x1c CMakeFiles/blink_led.dir/opt/pico-sdk/src/common/pico_sync/mutex.c.obj
                0x10000e8c                recursive_mutex_init
 .text.critical_section_init
                0x10000ea8       0x20 CMakeFiles/blink_led.dir/opt/pico-sdk/src/common/pico_sync/critical_section.c.obj
                0x10000ea8                critical_section_init
 .text.ph_merge_nodes
                0x10000ec8       0x5c CMakeFiles/blink_led.dir/opt/pico-sdk/src/common/pico_util/pheap.c.obj
 .text.ph_post_alloc_init
                0x10000f24      0x1b8 CMakeFiles/blink_led.dir/opt/pico-sdk/src/common/pico_util/pheap.c.obj
                0x10000f24                ph_post_alloc_init
 .text.ph_merge_two_pass
                0x100010dc       0x4c CMakeFiles/blink_led.dir/opt/pico-sdk/src/common/pico_util/pheap.c.obj
                0x100010dc                ph_merge_two_pass
 .text.ph_remove_any_head
                0x10001128      0x1b8 CMakeFiles/blink_led.dir/opt/pico-sdk/src/common/pico_util/pheap.c.obj
 .text.ph_remove_head
                0x100012e0      0x1bc CMakeFiles/blink_led.dir/opt/pico-sdk/src/common/pico_util/pheap.c.obj
                0x100012e0                ph_remove_head
 .text.ph_remove_and_free_node
                0x1000149c       0x7c CMakeFiles/blink_led.dir/opt/pico-sdk/src/common/pico_util/pheap.c.obj
                0x1000149c                ph_remove_and_free_node
 .text.runtime_init
                0x10001518       0xfc CMakeFiles/blink_led.dir/opt/pico-sdk/src/rp2_common/pico_runtime/runtime.c.obj
                0x10001518                runtime_init
 .text.exit     0x10001614        0x4 CMakeFiles/blink_led.dir/opt/pico-sdk/src/rp2_common/pico_runtime/runtime.c.obj
                0x10001614                exit
 .text.panic    0x10001618       0x30 CMakeFiles/blink_led.dir/opt/pico-sdk/src/rp2_common/pico_runtime/runtime.c.obj
                0x10001618                panic
 .text.hard_assertion_failure
                0x10001648        0xc CMakeFiles/blink_led.dir/opt/pico-sdk/src/rp2_common/pico_runtime/runtime.c.obj
                0x10001648                hard_assertion_failure
 .text.clocks_init
                0x10001654      0x2c0 CMakeFiles/blink_led.dir/opt/pico-sdk/src/rp2_common/hardware_clocks/clocks.c.obj
                0x10001654                clocks_init
 .text.irq_set_enabled
                0x10001914       0x24 CMakeFiles/blink_led.dir/opt/pico-sdk/src/rp2_common/hardware_irq/irq.c.obj
                0x10001914                irq_set_enabled
 .text.irq_set_pending
                0x10001938       0x10 CMakeFiles/blink_led.dir/opt/pico-sdk/src/rp2_common/hardware_irq/irq.c.obj
                0x10001938                irq_set_pending
 .text.irq_get_vtable_handler
                0x10001948       0x10 CMakeFiles/blink_led.dir/opt/pico-sdk/src/rp2_common/hardware_irq/irq.c.obj
                0x10001948                irq_get_vtable_handler
 .text.irq_set_exclusive_handler
                0x10001958       0x54 CMakeFiles/blink_led.dir/opt/pico-sdk/src/rp2_common/hardware_irq/irq.c.obj
                0x10001958                irq_set_exclusive_handler
 .text.irq_remove_handler
                0x100019ac      0x1b8 CMakeFiles/blink_led.dir/opt/pico-sdk/src/rp2_common/hardware_irq/irq.c.obj
                0x100019ac                irq_remove_handler
 .text.irq_add_tail_to_free_list
                0x10001b64       0xb4 CMakeFiles/blink_led.dir/opt/pico-sdk/src/rp2_common/hardware_irq/irq.c.obj
                0x10001b64                irq_add_tail_to_free_list
 .text.irq_init_priorities
                0x10001c18       0x38 CMakeFiles/blink_led.dir/opt/pico-sdk/src/rp2_common/hardware_irq/irq.c.obj
                0x10001c18                irq_init_priorities
 .text.pll_init
                0x10001c50       0xa4 CMakeFiles/blink_led.dir/opt/pico-sdk/src/rp2_common/hardware_pll/pll.c.obj
                0x10001c50                pll_init
 .text.watchdog_start_tick
                0x10001cf4       0x10 CMakeFiles/blink_led.dir/opt/pico-sdk/src/rp2_common/hardware_watchdog/watchdog.c.obj
                0x10001cf4                watchdog_start_tick
 .text.watchdog_reboot
                0x10001d04       0x94 CMakeFiles/blink_led.dir/opt/pico-sdk/src/rp2_common/hardware_watchdog/watchdog.c.obj
                0x10001d04                watchdog_reboot
 .text.xosc_init
                0x10001d98       0x28 CMakeFiles/blink_led.dir/opt/pico-sdk/src/rp2_common/hardware_xosc/xosc.c.obj
                0x10001d98                xosc_init
 .text._out_char
                0x10001dc0       0x10 CMakeFiles/blink_led.dir/opt/pico-sdk/src/rp2_common/pico_printf/printf.c.obj
 .text.weak_raw_vprintf
                0x10001dd0       0x30 CMakeFiles/blink_led.dir/opt/pico-sdk/src/rp2_common/pico_printf/printf.c.obj
                0x10001dd0                weak_raw_vprintf
 .text          0x10001e00       0x10 CMakeFiles/blink_led.dir/opt/pico-sdk/src/rp2_common/pico_bit_ops/bit_ops_aeabi.S.obj
 .text.rom_func_lookup
                0x10001e10       0x10 CMakeFiles/blink_led.dir/opt/pico-sdk/src/rp2_common/pico_bootrom/bootrom.c.obj
                0x10001e10                rom_func_lookup
 .text.rom_data_lookup
                0x10001e20       0x10 CMakeFiles/blink_led.dir/opt/pico-sdk/src/rp2_common/pico_bootrom/bootrom.c.obj
                0x10001e20                rom_data_lookup
 .text.rom_funcs_lookup
                0x10001e30       0x3c CMakeFiles/blink_led.dir/opt/pico-sdk/src/rp2_common/pico_bootrom/bootrom.c.obj
                0x10001e30                rom_funcs_lookup
 .text.__wrap___aeabi_uidiv
                0x10001e6c       0x4c CMakeFiles/blink_led.dir/opt/pico-sdk/src/rp2_common/pico_divider/divider.S.obj
                0x10001e6c                __wrap___aeabi_uidiv
                0x10001e6c                __wrap___aeabi_uidivmod
                0x10001e6c                div_u32u32
                0x10001e6c                divmod_u32u32
                0x10001e74                divmod_u32u32_unsafe
                0x10001e9c                divmod_u32u32_savestate
 .text.__aeabi_double_init
                0x10001eb8       0xa8 CMakeFiles/blink_led.dir/opt/pico-sdk/src/rp2_common/pico_double/double_init_rom.c.obj
                0x10001eb8                __aeabi_double_init
 .text.double_table_shim_on_use_helper
                0x10001f60       0x2c CMakeFiles/blink_led.dir/opt/pico-sdk/src/rp2_common/pico_double/double_v1_rom_shim.S.obj
                0x10001f60                double_table_shim_on_use_helper
 .text.__aeabi_lmul
                0x10001f8c       0x32 CMakeFiles/blink_led.dir/opt/pico-sdk/src/rp2_common/pico_int64_ops/pico_int64_ops_aeabi.S.obj
                0x10001f8c                __wrap___aeabi_lmul
 *fill*         0x10001fbe        0x2 
 .text.__aeabi_float_init
                0x10001fc0       0x68 CMakeFiles/blink_led.dir/opt/pico-sdk/src/rp2_common/pico_float/float_init_rom.c.obj
                0x10001fc0                __aeabi_float_init
 .text.float_table_shim_on_use_helper
                0x10002028       0x2c CMakeFiles/blink_led.dir/opt/pico-sdk/src/rp2_common/pico_float/float_v1_rom_shim.S.obj
                0x10002028                float_table_shim_on_use_helper
 .text          0x10002054       0x10 CMakeFiles/blink_led.dir/opt/pico-sdk/src/rp2_common/pico_mem_ops/mem_ops_aeabi.S.obj
                0x10002054                __aeabi_mem_init
 .text.memset   0x10002064        0xc CMakeFiles/blink_led.dir/opt/pico-sdk/src/rp2_common/pico_mem_ops/mem_ops_aeabi.S.obj
                0x10002064                __wrap_memset
 .text.memcpy   0x10002070        0xc CMakeFiles/blink_led.dir/opt/pico-sdk/src/rp2_common/pico_mem_ops/mem_ops_aeabi.S.obj
                0x10002070                __wrap___aeabi_memcpy
                0x10002070                __wrap_memcpy
 .text.stdio_out_chars_crlf.part.0
                0x1000207c       0x98 CMakeFiles/blink_led.dir/opt/pico-sdk/src/rp2_common/pico_stdio/stdio.c.obj
 .text.stdio_put_string
                0x10002114       0xfc CMakeFiles/blink_led.dir/opt/pico-sdk/src/rp2_common/pico_stdio/stdio.c.obj
 .text.__wrap_putchar
                0x10002210       0xd8 CMakeFiles/blink_led.dir/opt/pico-sdk/src/rp2_common/pico_stdio/stdio.c.obj
                0x10002210                __wrap_putchar
 .text.__wrap_puts
                0x100022e8       0x3c CMakeFiles/blink_led.dir/opt/pico-sdk/src/rp2_common/pico_stdio/stdio.c.obj
                0x100022e8                __wrap_puts
 .text.stdio_set_driver_enabled
                0x10002324       0x3c CMakeFiles/blink_led.dir/opt/pico-sdk/src/rp2_common/pico_stdio/stdio.c.obj
                0x10002324                stdio_set_driver_enabled
 .text.stdio_init_all
                0x10002360        0x8 CMakeFiles/blink_led.dir/opt/pico-sdk/src/rp2_common/pico_stdio/stdio.c.obj
                0x10002360                stdio_init_all
 .text.__wrap_getchar
                0x10002368       0x78 CMakeFiles/blink_led.dir/opt/pico-sdk/src/rp2_common/pico_stdio/stdio.c.obj
                0x10002368                __wrap_getchar
 .text.resetd_init
                0x100023e0        0x4 CMakeFiles/blink_led.dir/opt/pico-sdk/src/rp2_common/pico_stdio_usb/reset_interface.c.obj
 .text.resetd_reset
                0x100023e4        0xc CMakeFiles/blink_led.dir/opt/pico-sdk/src/rp2_common/pico_stdio_usb/reset_interface.c.obj
 .text.resetd_open
                0x100023f0       0x28 CMakeFiles/blink_led.dir/opt/pico-sdk/src/rp2_common/pico_stdio_usb/reset_interface.c.obj
 .text.resetd_xfer_cb
                0x10002418        0x4 CMakeFiles/blink_led.dir/opt/pico-sdk/src/rp2_common/pico_stdio_usb/reset_interface.c.obj
 .text.resetd_control_xfer_cb
                0x1000241c       0x64 CMakeFiles/blink_led.dir/opt/pico-sdk/src/rp2_common/pico_stdio_usb/reset_interface.c.obj
 .text.usbd_app_driver_get_cb
                0x10002480        0xc CMakeFiles/blink_led.dir/opt/pico-sdk/src/rp2_common/pico_stdio_usb/reset_interface.c.obj
                0x10002480                usbd_app_driver_get_cb
 .text.tud_cdc_line_coding_cb
                0x1000248c       0x34 CMakeFiles/blink_led.dir/opt/pico-sdk/src/rp2_common/pico_stdio_usb/reset_interface.c.obj
                0x1000248c                tud_cdc_line_coding_cb
 .text.stdio_usb_in_chars
                0x100024c0       0x68 CMakeFiles/blink_led.dir/opt/pico-sdk/src/rp2_common/pico_stdio_usb/stdio_usb.c.obj
                0x100024c0                stdio_usb_in_chars
 .text.stdio_usb_out_chars
                0x10002528       0xf0 CMakeFiles/blink_led.dir/opt/pico-sdk/src/rp2_common/pico_stdio_usb/stdio_usb.c.obj
 .text.timer_task
                0x10002618       0x10 CMakeFiles/blink_led.dir/opt/pico-sdk/src/rp2_common/pico_stdio_usb/stdio_usb.c.obj
 .text.low_priority_worker_irq
                0x10002628       0x24 CMakeFiles/blink_led.dir/opt/pico-sdk/src/rp2_common/pico_stdio_usb/stdio_usb.c.obj
 .text.stdio_usb_init
                0x1000264c       0x8c CMakeFiles/blink_led.dir/opt/pico-sdk/src/rp2_common/pico_stdio_usb/stdio_usb.c.obj
                0x1000264c                stdio_usb_init
 .text.tud_descriptor_device_cb
                0x100026d8        0x8 CMakeFiles/blink_led.dir/opt/pico-sdk/src/rp2_common/pico_stdio_usb/stdio_usb_descriptors.c.obj
                0x100026d8                tud_descriptor_device_cb
 .text.tud_descriptor_configuration_cb
                0x100026e0        0x8 CMakeFiles/blink_led.dir/opt/pico-sdk/src/rp2_common/pico_stdio_usb/stdio_usb_descriptors.c.obj
                0x100026e0                tud_descriptor_configuration_cb
 .text.tud_descriptor_string_cb
                0x100026e8       0x70 CMakeFiles/blink_led.dir/opt/pico-sdk/src/rp2_common/pico_stdio_usb/stdio_usb_descriptors.c.obj
                0x100026e8                tud_descriptor_string_cb
 .text.dcd_rp2040_irq
                0x10002758      0x148 CMakeFiles/blink_led.dir/opt/pico-sdk/lib/tinyusb/src/portable/raspberrypi/rp2040/dcd_rp2040.c.obj
 .text.dcd_int_enable
                0x100028a0        0xc CMakeFiles/blink_led.dir/opt/pico-sdk/lib/tinyusb/src/portable/raspberrypi/rp2040/dcd_rp2040.c.obj
                0x100028a0                dcd_int_enable
 .text.dcd_set_address
                0x100028ac       0x28 CMakeFiles/blink_led.dir/opt/pico-sdk/lib/tinyusb/src/portable/raspberrypi/rp2040/dcd_rp2040.c.obj
                0x100028ac                dcd_set_address
 .text.dcd_connect
                0x100028d4       0x10 CMakeFiles/blink_led.dir/opt/pico-sdk/lib/tinyusb/src/portable/raspberrypi/rp2040/dcd_rp2040.c.obj
                0x100028d4                dcd_connect
 .text.dcd_init
                0x100028e4       0x98 CMakeFiles/blink_led.dir/opt/pico-sdk/lib/tinyusb/src/portable/raspberrypi/rp2040/dcd_rp2040.c.obj
                0x100028e4                dcd_init
 .text.dcd_edpt0_status_complete
                0x1000297c       0x30 CMakeFiles/blink_led.dir/opt/pico-sdk/lib/tinyusb/src/portable/raspberrypi/rp2040/dcd_rp2040.c.obj
                0x1000297c                dcd_edpt0_status_complete
 .text.dcd_edpt_open
                0x100029ac      0x138 CMakeFiles/blink_led.dir/opt/pico-sdk/lib/tinyusb/src/portable/raspberrypi/rp2040/dcd_rp2040.c.obj
                0x100029ac                dcd_edpt_open
 .text.dcd_edpt_xfer
                0x10002ae4       0x28 CMakeFiles/blink_led.dir/opt/pico-sdk/lib/tinyusb/src/portable/raspberrypi/rp2040/dcd_rp2040.c.obj
                0x10002ae4                dcd_edpt_xfer
 .text.dcd_edpt_stall
                0x10002b0c       0x48 CMakeFiles/blink_led.dir/opt/pico-sdk/lib/tinyusb/src/portable/raspberrypi/rp2040/dcd_rp2040.c.obj
                0x10002b0c                dcd_edpt_stall
 .text.dcd_edpt_clear_stall
                0x10002b54       0x44 CMakeFiles/blink_led.dir/opt/pico-sdk/lib/tinyusb/src/portable/raspberrypi/rp2040/dcd_rp2040.c.obj
                0x10002b54                dcd_edpt_clear_stall
 .text._hw_endpoint_buffer_control_update32.part.2
                0x10002b98       0x20 CMakeFiles/blink_led.dir/opt/pico-sdk/lib/tinyusb/src/portable/raspberrypi/rp2040/rp2040_usb.c.obj
 .text.rp2040_usb_init
                0x10002bb8       0x50 CMakeFiles/blink_led.dir/opt/pico-sdk/lib/tinyusb/src/portable/raspberrypi/rp2040/rp2040_usb.c.obj
                0x10002bb8                rp2040_usb_init
 .text.hw_endpoint_reset_transfer
                0x10002c08        0xc CMakeFiles/blink_led.dir/opt/pico-sdk/lib/tinyusb/src/portable/raspberrypi/rp2040/rp2040_usb.c.obj
                0x10002c08                hw_endpoint_reset_transfer
 .text._hw_endpoint_buffer_control_update32
                0x10002c14       0x40 CMakeFiles/blink_led.dir/opt/pico-sdk/lib/tinyusb/src/portable/raspberrypi/rp2040/rp2040_usb.c.obj
                0x10002c14                _hw_endpoint_buffer_control_update32
 .text._hw_endpoint_start_next_buffer
                0x10002c54       0x68 CMakeFiles/blink_led.dir/opt/pico-sdk/lib/tinyusb/src/portable/raspberrypi/rp2040/rp2040_usb.c.obj
                0x10002c54                _hw_endpoint_start_next_buffer
 .text._hw_endpoint_xfer_continue
                0x10002cbc       0xb4 CMakeFiles/blink_led.dir/opt/pico-sdk/lib/tinyusb/src/portable/raspberrypi/rp2040/rp2040_usb.c.obj
                0x10002cbc                _hw_endpoint_xfer_continue
 .text._hw_endpoint_xfer
                0x10002d70       0xac CMakeFiles/blink_led.dir/opt/pico-sdk/lib/tinyusb/src/portable/raspberrypi/rp2040/rp2040_usb.c.obj
                0x10002d70                _hw_endpoint_xfer
 .text.tud_mounted
                0x10002e1c       0x10 CMakeFiles/blink_led.dir/opt/pico-sdk/lib/tinyusb/src/device/usbd.c.obj
                0x10002e1c                tud_mounted
 .text.tud_suspended
                0x10002e2c       0x10 CMakeFiles/blink_led.dir/opt/pico-sdk/lib/tinyusb/src/device/usbd.c.obj
                0x10002e2c                tud_suspended
 .text.tud_inited
                0x10002e3c        0xc CMakeFiles/blink_led.dir/opt/pico-sdk/lib/tinyusb/src/device/usbd.c.obj
                0x10002e3c                tud_inited
 .text.tud_init
                0x10002e48       0xd4 CMakeFiles/blink_led.dir/opt/pico-sdk/lib/tinyusb/src/device/usbd.c.obj
                0x10002e48                tud_init
 .text.tud_task
                0x10002f1c      0x840 CMakeFiles/blink_led.dir/opt/pico-sdk/lib/tinyusb/src/device/usbd.c.obj
                0x10002f1c                tud_task
 .text.dcd_event_bus_signal
                0x1000375c       0xe8 CMakeFiles/blink_led.dir/opt/pico-sdk/lib/tinyusb/src/device/usbd.c.obj
                0x1000375c                dcd_event_bus_signal
 .text.dcd_event_bus_reset
                0x10003844       0x58 CMakeFiles/blink_led.dir/opt/pico-sdk/lib/tinyusb/src/device/usbd.c.obj
                0x10003844                dcd_event_bus_reset
 .text.dcd_event_setup_received
                0x1000389c       0x50 CMakeFiles/blink_led.dir/opt/pico-sdk/lib/tinyusb/src/device/usbd.c.obj
                0x1000389c                dcd_event_setup_received
 .text.dcd_event_xfer_complete
                0x100038ec       0x68 CMakeFiles/blink_led.dir/opt/pico-sdk/lib/tinyusb/src/device/usbd.c.obj
                0x100038ec                dcd_event_xfer_complete
 .text.usbd_open_edpt_pair
                0x10003954      0x108 CMakeFiles/blink_led.dir/opt/pico-sdk/lib/tinyusb/src/device/usbd.c.obj
                0x10003954                usbd_open_edpt_pair
 .text.usbd_edpt_open
                0x10003a5c       0x9c CMakeFiles/blink_led.dir/opt/pico-sdk/lib/tinyusb/src/device/usbd.c.obj
                0x10003a5c                usbd_edpt_open
 .text.usbd_edpt_claim
                0x10003af8       0x60 CMakeFiles/blink_led.dir/opt/pico-sdk/lib/tinyusb/src/device/usbd.c.obj
                0x10003af8                usbd_edpt_claim
 .text.usbd_edpt_release
                0x10003b58       0x4c CMakeFiles/blink_led.dir/opt/pico-sdk/lib/tinyusb/src/device/usbd.c.obj
                0x10003b58                usbd_edpt_release
 .text.usbd_edpt_xfer
                0x10003ba4       0x48 CMakeFiles/blink_led.dir/opt/pico-sdk/lib/tinyusb/src/device/usbd.c.obj
                0x10003ba4                usbd_edpt_xfer
 .text.tud_control_status
                0x10003bec       0x30 CMakeFiles/blink_led.dir/opt/pico-sdk/lib/tinyusb/src/device/usbd_control.c.obj
                0x10003bec                tud_control_status
 .text.tud_control_xfer
                0x10003c1c       0xb4 CMakeFiles/blink_led.dir/opt/pico-sdk/lib/tinyusb/src/device/usbd_control.c.obj
                0x10003c1c                tud_control_xfer
 .text.usbd_control_reset
                0x10003cd0       0x14 CMakeFiles/blink_led.dir/opt/pico-sdk/lib/tinyusb/src/device/usbd_control.c.obj
                0x10003cd0                usbd_control_reset
 .text.usbd_control_set_complete_callback
                0x10003ce4        0xc CMakeFiles/blink_led.dir/opt/pico-sdk/lib/tinyusb/src/device/usbd_control.c.obj
                0x10003ce4                usbd_control_set_complete_callback
 .text.usbd_control_set_request
                0x10003cf0       0x1c CMakeFiles/blink_led.dir/opt/pico-sdk/lib/tinyusb/src/device/usbd_control.c.obj
                0x10003cf0                usbd_control_set_request
 .text.usbd_control_xfer_cb
                0x10003d0c       0xfc CMakeFiles/blink_led.dir/opt/pico-sdk/lib/tinyusb/src/device/usbd_control.c.obj
                0x10003d0c                usbd_control_xfer_cb
 .text.tud_cdc_n_connected
                0x10003e08       0x30 CMakeFiles/blink_led.dir/opt/pico-sdk/lib/tinyusb/src/class/cdc/cdc_device.c.obj
                0x10003e08                tud_cdc_n_connected
 .text.tud_cdc_n_available
                0x10003e38       0x18 CMakeFiles/blink_led.dir/opt/pico-sdk/lib/tinyusb/src/class/cdc/cdc_device.c.obj
                0x10003e38                tud_cdc_n_available
 .text.tud_cdc_n_read
                0x10003e50       0x70 CMakeFiles/blink_led.dir/opt/pico-sdk/lib/tinyusb/src/class/cdc/cdc_device.c.obj
                0x10003e50                tud_cdc_n_read
 .text.tud_cdc_n_write_flush
                0x10003ec0       0x78 CMakeFiles/blink_led.dir/opt/pico-sdk/lib/tinyusb/src/class/cdc/cdc_device.c.obj
                0x10003ec0                tud_cdc_n_write_flush
 .text.tud_cdc_n_write
                0x10003f38       0x34 CMakeFiles/blink_led.dir/opt/pico-sdk/lib/tinyusb/src/class/cdc/cdc_device.c.obj
                0x10003f38                tud_cdc_n_write
 .text.tud_cdc_n_write_available
                0x10003f6c       0x18 CMakeFiles/blink_led.dir/opt/pico-sdk/lib/tinyusb/src/class/cdc/cdc_device.c.obj
                0x10003f6c                tud_cdc_n_write_available
 .text.cdcd_init
                0x10003f84       0x7c CMakeFiles/blink_led.dir/opt/pico-sdk/lib/tinyusb/src/class/cdc/cdc_device.c.obj
                0x10003f84                cdcd_init
 .text.cdcd_reset
                0x10004000       0x2c CMakeFiles/blink_led.dir/opt/pico-sdk/lib/tinyusb/src/class/cdc/cdc_device.c.obj
                0x10004000                cdcd_reset
 .text.cdcd_open
                0x1000402c       0xec CMakeFiles/blink_led.dir/opt/pico-sdk/lib/tinyusb/src/class/cdc/cdc_device.c.obj
                0x1000402c                cdcd_open
 .text.cdcd_control_xfer_cb
                0x10004118       0xdc CMakeFiles/blink_led.dir/opt/pico-sdk/lib/tinyusb/src/class/cdc/cdc_device.c.obj
                0x10004118                cdcd_control_xfer_cb
 .text.cdcd_xfer_cb
                0x100041f4      0x19c CMakeFiles/blink_led.dir/opt/pico-sdk/lib/tinyusb/src/class/cdc/cdc_device.c.obj
                0x100041f4                cdcd_xfer_cb
 .text.tusb_init
                0x10004390        0xc CMakeFiles/blink_led.dir/opt/pico-sdk/lib/tinyusb/src/tusb.c.obj
                0x10004390                tusb_init
 .text.tusb_inited
                0x1000439c        0x8 CMakeFiles/blink_led.dir/opt/pico-sdk/lib/tinyusb/src/tusb.c.obj
                0x1000439c                tusb_inited
 .text.tu_fifo_config
                0x100043a4       0x78 CMakeFiles/blink_led.dir/opt/pico-sdk/lib/tinyusb/src/common/tusb_fifo.c.obj
                0x100043a4                tu_fifo_config
 .text.tu_fifo_count
                0x1000441c       0x24 CMakeFiles/blink_led.dir/opt/pico-sdk/lib/tinyusb/src/common/tusb_fifo.c.obj
                0x1000441c                tu_fifo_count
 .text.tu_fifo_empty
                0x10004440       0x10 CMakeFiles/blink_led.dir/opt/pico-sdk/lib/tinyusb/src/common/tusb_fifo.c.obj
                0x10004440                tu_fifo_empty
 .text.tu_fifo_remaining
                0x10004450       0x20 CMakeFiles/blink_led.dir/opt/pico-sdk/lib/tinyusb/src/common/tusb_fifo.c.obj
                0x10004450                tu_fifo_remaining
 .text.tu_fifo_read
                0x10004470       0xa8 CMakeFiles/blink_led.dir/opt/pico-sdk/lib/tinyusb/src/common/tusb_fifo.c.obj
                0x10004470                tu_fifo_read
 .text.tu_fifo_read_n
                0x10004518      0x10c CMakeFiles/blink_led.dir/opt/pico-sdk/lib/tinyusb/src/common/tusb_fifo.c.obj
                0x10004518                tu_fifo_read_n
 .text.tu_fifo_write
                0x10004624       0x7c CMakeFiles/blink_led.dir/opt/pico-sdk/lib/tinyusb/src/common/tusb_fifo.c.obj
                0x10004624                tu_fifo_write
 .text.tu_fifo_write_n
                0x100046a0      0x108 CMakeFiles/blink_led.dir/opt/pico-sdk/lib/tinyusb/src/common/tusb_fifo.c.obj
                0x100046a0                tu_fifo_write_n
 .text.tu_fifo_clear
                0x100047a8       0x4c CMakeFiles/blink_led.dir/opt/pico-sdk/lib/tinyusb/src/common/tusb_fifo.c.obj
                0x100047a8                tu_fifo_clear
 .text.tu_fifo_set_overwritable
                0x100047f4       0x3c CMakeFiles/blink_led.dir/opt/pico-sdk/lib/tinyusb/src/common/tusb_fifo.c.obj
                0x100047f4                tu_fifo_set_overwritable
 .text.startup._retrieve_unique_id_on_boot
                0x10004830       0x10 CMakeFiles/blink_led.dir/opt/pico-sdk/src/rp2_common/pico_unique_id/unique_id.c.obj
 .text.pico_get_unique_board_id_string
                0x10004840      0x1cc CMakeFiles/blink_led.dir/opt/pico-sdk/src/rp2_common/pico_unique_id/unique_id.c.obj
                0x10004840                pico_get_unique_board_id_string
 .text.flash_get_unique_id
                0x10004a0c       0x3c CMakeFiles/blink_led.dir/opt/pico-sdk/src/rp2_common/hardware_flash/flash.c.obj
                0x10004a0c                flash_get_unique_id
 .text          0x10004a48       0x68 /usr/lib/gcc/arm-none-eabi/8.3.1/../../../arm-none-eabi/lib/thumb/v6-m/nofp/libc.a(lib_a-strlen-stub.o)
                0x10004a48                strlen
 *(.fini)
 .fini          0x10004ab0        0x4 /usr/lib/gcc/arm-none-eabi/8.3.1/thumb/v6-m/nofp/crti.o
                0x10004ab0                _fini
 *fill*         0x10004ab4        0x4 
 .fini.__stub   0x10004ab8       0x60 linker stubs
 *crtbegin.o(.ctors)
 *crtbegin?.o(.ctors)
 *(EXCLUDE_FILE(*crtend.o *crtend?.o) .ctors)
 *(SORT_BY_NAME(.ctors.*))
 *(.ctors)
 *crtbegin.o(.dtors)
 *crtbegin?.o(.dtors)
 *(EXCLUDE_FILE(*crtend.o *crtend?.o) .dtors)
 *(SORT_BY_NAME(.dtors.*))
 *(.dtors)
 *(.eh_frame*)
 .eh_frame      0x10004b18        0x0 /usr/lib/gcc/arm-none-eabi/8.3.1/thumb/v6-m/nofp/crtbegin.o
                0x10004b18                . = ALIGN (0x4)

.glue_7         0x10004b18        0x0
 .glue_7        0x10004b18        0x0 linker stubs

.glue_7t        0x10004b18        0x0
 .glue_7t       0x10004b18        0x0 linker stubs

.vfp11_veneer   0x10004b18        0x0
 .vfp11_veneer  0x10004b18        0x0 linker stubs

.v4_bx          0x10004b18        0x0
 .v4_bx         0x10004b18        0x0 linker stubs

.iplt           0x10004b18        0x0
 .iplt          0x10004b18        0x0 /usr/lib/gcc/arm-none-eabi/8.3.1/thumb/v6-m/nofp/crtbegin.o

.rodata         0x10004b18      0x368
 *(EXCLUDE_FILE(*libm.a: *libc.a:*lib_a-mem*.o *libgcc.a:) .rodata*)
 .rodata.main.str1.4
                0x10004b18       0x57 CMakeFiles/blink_led.dir/blink_led.c.obj
 *fill*         0x10004b6f        0x1 
 .rodata.spin_lock_claim_unused.str1.4
                0x10004b70       0x1b CMakeFiles/blink_led.dir/opt/pico-sdk/src/rp2_common/hardware_sync/sync.c.obj
 *fill*         0x10004b8b        0x5 
 .rodata.at_the_end_of_time
                0x10004b90        0x8 CMakeFiles/blink_led.dir/opt/pico-sdk/src/common/pico_time/time.c.obj
                0x10004b90                at_the_end_of_time
 .rodata.hardware_alarm_claim.str1.4
                0x10004b98       0x22 CMakeFiles/blink_led.dir/opt/pico-sdk/src/rp2_common/hardware_timer/timer.c.obj
 *fill*         0x10004bba        0x2 
 .rodata.hard_assertion_failure.str1.4
                0x10004bbc        0xc CMakeFiles/blink_led.dir/opt/pico-sdk/src/rp2_common/pico_runtime/runtime.c.obj
 .rodata.panic.str1.4
                0x10004bc8       0x12 CMakeFiles/blink_led.dir/opt/pico-sdk/src/rp2_common/pico_runtime/runtime.c.obj
 *fill*         0x10004bda        0x2 
 .rodata.__bi_44
                0x10004bdc        0xc CMakeFiles/blink_led.dir/opt/pico-sdk/src/rp2_common/pico_standard_link/binary_info.c.obj
 .rodata.__bi_75
                0x10004be8        0xc CMakeFiles/blink_led.dir/opt/pico-sdk/src/rp2_common/pico_standard_link/binary_info.c.obj
 .rodata.__bi_81
                0x10004bf4        0xc CMakeFiles/blink_led.dir/opt/pico-sdk/src/rp2_common/pico_standard_link/binary_info.c.obj
 .rodata.str1.4
                0x10004c00       0x40 CMakeFiles/blink_led.dir/opt/pico-sdk/src/rp2_common/pico_standard_link/binary_info.c.obj
 .rodata.crlf_str.5916
                0x10004c40        0x2 CMakeFiles/blink_led.dir/opt/pico-sdk/src/rp2_common/pico_stdio/stdio.c.obj
 *fill*         0x10004c42        0x2 
 .rodata._resetd_driver
                0x10004c44       0x18 CMakeFiles/blink_led.dir/opt/pico-sdk/src/rp2_common/pico_stdio_usb/reset_interface.c.obj
 .rodata.__bi_93.7173
                0x10004c5c        0xc CMakeFiles/blink_led.dir/opt/pico-sdk/src/rp2_common/pico_stdio_usb/stdio_usb.c.obj
 .rodata.str1.4
                0x10004c68       0x13 CMakeFiles/blink_led.dir/opt/pico-sdk/src/rp2_common/pico_stdio_usb/stdio_usb.c.obj
 *fill*         0x10004c7b        0x1 
 .rodata.str1.4
                0x10004c7c       0x2a CMakeFiles/blink_led.dir/opt/pico-sdk/src/rp2_common/pico_stdio_usb/stdio_usb_descriptors.c.obj
 *fill*         0x10004ca6        0x2 
 .rodata.usbd_desc_cfg
                0x10004ca8       0x54 CMakeFiles/blink_led.dir/opt/pico-sdk/src/rp2_common/pico_stdio_usb/stdio_usb_descriptors.c.obj
 .rodata.usbd_desc_device
                0x10004cfc       0x12 CMakeFiles/blink_led.dir/opt/pico-sdk/src/rp2_common/pico_stdio_usb/stdio_usb_descriptors.c.obj
 *fill*         0x10004d0e        0x2 
 .rodata.usbd_desc_str
                0x10004d10       0x18 CMakeFiles/blink_led.dir/opt/pico-sdk/src/rp2_common/pico_stdio_usb/stdio_usb_descriptors.c.obj
 .rodata.dcd_edpt_open.str1.4
                0x10004d28       0x28 CMakeFiles/blink_led.dir/opt/pico-sdk/lib/tinyusb/src/portable/raspberrypi/rp2040/dcd_rp2040.c.obj
 .rodata.dcd_rp2040_irq.str1.4
                0x10004d50       0x14 CMakeFiles/blink_led.dir/opt/pico-sdk/lib/tinyusb/src/portable/raspberrypi/rp2040/dcd_rp2040.c.obj
 .rodata._hw_endpoint_buffer_control_update32.part.2.str1.4
                0x10004d64       0x1f CMakeFiles/blink_led.dir/opt/pico-sdk/lib/tinyusb/src/portable/raspberrypi/rp2040/rp2040_usb.c.obj
 *fill*         0x10004d83        0x1 
 .rodata._hw_endpoint_xfer_continue.str1.4
                0x10004d84       0x50 CMakeFiles/blink_led.dir/opt/pico-sdk/lib/tinyusb/src/portable/raspberrypi/rp2040/rp2040_usb.c.obj
 .rodata.str1.4
                0x10004dd4        0x7 CMakeFiles/blink_led.dir/opt/pico-sdk/lib/tinyusb/src/portable/raspberrypi/rp2040/rp2040_usb.c.obj
 *fill*         0x10004ddb        0x1 
 .rodata.tud_task
                0x10004ddc       0x8c CMakeFiles/blink_led.dir/opt/pico-sdk/lib/tinyusb/src/device/usbd.c.obj
 .rodata._usbd_driver
                0x10004e68       0x18 CMakeFiles/blink_led.dir/opt/pico-sdk/lib/tinyusb/src/device/usbd.c.obj
                0x10004e80                . = ALIGN (0x4)
 *(SORT_BY_ALIGNMENT(SORT_BY_NAME(.flashdata*)))
                0x10004e80                . = ALIGN (0x4)

.rel.dyn        0x10004e80        0x0
 .rel.iplt      0x10004e80        0x0 /usr/lib/gcc/arm-none-eabi/8.3.1/thumb/v6-m/nofp/crtbegin.o

.ARM.extab
 *(.ARM.extab* .gnu.linkonce.armextab.*)
                0x10004e80                __exidx_start = .

.ARM.exidx
 *(.ARM.exidx* .gnu.linkonce.armexidx.*)
                0x10004e80                __exidx_end = .
                0x10004e80                . = ALIGN (0x4)
                0x10004e80                __binary_info_start = .

.binary_info    0x10004e80       0x20
 *(.binary_info.keep.*)
 .binary_info.keep.__bi_ptr22
                0x10004e80        0x4 CMakeFiles/blink_led.dir/opt/pico-sdk/src/rp2_common/pico_standard_link/binary_info.c.obj
 .binary_info.keep.__bi_ptr30
                0x10004e84        0x4 CMakeFiles/blink_led.dir/opt/pico-sdk/src/rp2_common/pico_standard_link/binary_info.c.obj
 .binary_info.keep.__bi_ptr38
                0x10004e88        0x4 CMakeFiles/blink_led.dir/opt/pico-sdk/src/rp2_common/pico_standard_link/binary_info.c.obj
 .binary_info.keep.__bi_ptr44
                0x10004e8c        0x4 CMakeFiles/blink_led.dir/opt/pico-sdk/src/rp2_common/pico_standard_link/binary_info.c.obj
 .binary_info.keep.__bi_ptr50
                0x10004e90        0x4 CMakeFiles/blink_led.dir/opt/pico-sdk/src/rp2_common/pico_standard_link/binary_info.c.obj
 .binary_info.keep.__bi_ptr75
                0x10004e94        0x4 CMakeFiles/blink_led.dir/opt/pico-sdk/src/rp2_common/pico_standard_link/binary_info.c.obj
 .binary_info.keep.__bi_ptr81
                0x10004e98        0x4 CMakeFiles/blink_led.dir/opt/pico-sdk/src/rp2_common/pico_standard_link/binary_info.c.obj
 *(.binary_info.*)
 .binary_info.__bi_ptr93
                0x10004e9c        0x4 CMakeFiles/blink_led.dir/opt/pico-sdk/src/rp2_common/pico_stdio_usb/stdio_usb.c.obj
                0x10004ea0                __binary_info_end = .
                0x10004ea0                . = ALIGN (0x4)
                0x10004ea0                __etext = .

.ram_vector_table
                0x20000000       0xc0
 *(.ram_vector_table)
 .ram_vector_table
                0x20000000       0xc0 CMakeFiles/blink_led.dir/opt/pico-sdk/src/rp2_common/pico_runtime/runtime.c.obj
                0x20000000                ram_vector_table

.data           0x200000c0      0x420 load address 0x10004ea0
                0x200000c0                __data_start__ = .
 *(vtable)
 *(.time_critical*)
 .time_critical.mutex_enter_blocking
                0x200000c0       0x60 CMakeFiles/blink_led.dir/opt/pico-sdk/src/common/pico_sync/mutex.c.obj
                0x200000c0                mutex_enter_blocking
 .time_critical.mutex_try_enter
                0x20000120       0x5c CMakeFiles/blink_led.dir/opt/pico-sdk/src/common/pico_sync/mutex.c.obj
                0x20000120                mutex_try_enter
 .time_critical.mutex_enter_timeout_ms
                0x2000017c       0xb0 CMakeFiles/blink_led.dir/opt/pico-sdk/src/common/pico_sync/mutex.c.obj
                0x2000017c                mutex_enter_timeout_ms
 .time_critical.mutex_exit
                0x2000022c       0x58 CMakeFiles/blink_led.dir/opt/pico-sdk/src/common/pico_sync/mutex.c.obj
                0x2000022c                mutex_exit
 .time_critical.flash_init_boot2_copyout
                0x20000284       0x30 CMakeFiles/blink_led.dir/opt/pico-sdk/src/rp2_common/hardware_flash/flash.c.obj
 .time_critical.flash_enable_xip_via_boot2
                0x200002b4       0x10 CMakeFiles/blink_led.dir/opt/pico-sdk/src/rp2_common/hardware_flash/flash.c.obj
 .time_critical.flash_cs_force
                0x200002c4       0x38 CMakeFiles/blink_led.dir/opt/pico-sdk/src/rp2_common/hardware_flash/flash.c.obj
 .time_critical.flash_do_cmd
                0x200002fc       0xa0 CMakeFiles/blink_led.dir/opt/pico-sdk/src/rp2_common/hardware_flash/flash.c.obj
                0x200002fc                flash_do_cmd
 *(.text*)
 .text          0x2000039c        0x4 /usr/lib/gcc/arm-none-eabi/8.3.1/thumb/v6-m/nofp/libgcc.a(_dvmd_tls.o)
                0x2000039c                __aeabi_ldiv0
                0x2000039c                __aeabi_idiv0
 .text.__stub   0x200003a0       0x40 linker stubs
                0x200003e0                . = ALIGN (0x4)
 *(.rodata*)
                0x200003e0                . = ALIGN (0x4)
 *(.data*)
 .data.striped_spin_lock_num
                0x200003e0        0x1 CMakeFiles/blink_led.dir/opt/pico-sdk/src/rp2_common/hardware_sync/sync.c.obj
 *fill*         0x200003e1        0x3 
 .data.default_alarm_pool
                0x200003e4       0x18 CMakeFiles/blink_led.dir/opt/pico-sdk/src/common/pico_time/time.c.obj
 .data.default_alarm_pool_heap
                0x200003fc       0x10 CMakeFiles/blink_led.dir/opt/pico-sdk/src/common/pico_time/time.c.obj
 .data          0x2000040c       0x48 CMakeFiles/blink_led.dir/opt/pico-sdk/src/rp2_common/hardware_irq/irq_handler_chain.S.obj
                0x2000040c                irq_handler_chain_slots
                0x2000043c                irq_handler_chain_first_slot
                0x20000446                irq_handler_chain_remove_tail
 *fill*         0x20000454        0xc 
 .data.aeabi_bits_funcs
                0x20000460       0x10 CMakeFiles/blink_led.dir/opt/pico-sdk/src/rp2_common/pico_bit_ops/bit_ops_aeabi.S.obj
                0x20000460                aeabi_bits_funcs
                0x20000470                aeabi_bits_funcs_end
 .data.aeabi_mem_funcs
                0x20000470       0x10 CMakeFiles/blink_led.dir/opt/pico-sdk/src/rp2_common/pico_mem_ops/mem_ops_aeabi.S.obj
                0x20000470                aeabi_mem_funcs
                0x20000480                aeabi_mem_funcs_end
 .data.stdio_usb
                0x20000480       0x14 CMakeFiles/blink_led.dir/opt/pico-sdk/src/rp2_common/pico_stdio_usb/stdio_usb.c.obj
                0x20000480                stdio_usb
 .data.ep_dir_string
                0x20000494        0x8 CMakeFiles/blink_led.dir/opt/pico-sdk/lib/tinyusb/src/portable/raspberrypi/rp2040/rp2040_usb.c.obj
                0x20000494                ep_dir_string
 .data._usbd_qdef
                0x2000049c       0x24 CMakeFiles/blink_led.dir/opt/pico-sdk/lib/tinyusb/src/device/usbd.c.obj
                0x2000049c                _usbd_qdef
                0x200004c0                . = ALIGN (0x4)
 *(.after_data.*)
                0x200004c0                . = ALIGN (0x4)
                0x200004c0                PROVIDE (__mutex_array_start = .)
 *(SORT_BY_NAME(.mutex_array.*))
 *(.mutex_array)
 .mutex_array   0x200004c0        0x8 CMakeFiles/blink_led.dir/opt/pico-sdk/src/rp2_common/pico_stdio/stdio.c.obj
                0x200004c8                PROVIDE (__mutex_array_end = .)
                0x200004c8                . = ALIGN (0x4)
                0x200004c8                PROVIDE (__preinit_array_start = .)
 *(SORT_BY_NAME(.preinit_array.*))
 .preinit_array.00001
                0x200004c8        0x4 CMakeFiles/blink_led.dir/opt/pico-sdk/src/rp2_common/pico_mem_ops/mem_ops_aeabi.S.obj
 .preinit_array.00010
                0x200004cc        0x4 CMakeFiles/blink_led.dir/opt/pico-sdk/src/rp2_common/pico_bit_ops/bit_ops_aeabi.S.obj
 .preinit_array.00020
                0x200004d0        0x4 CMakeFiles/blink_led.dir/opt/pico-sdk/src/rp2_common/pico_double/double_aeabi.S.obj
 .preinit_array.00020
                0x200004d4        0x4 CMakeFiles/blink_led.dir/opt/pico-sdk/src/rp2_common/pico_float/float_aeabi.S.obj
 *(.preinit_array)
                0x200004d8                PROVIDE (__preinit_array_end = .)
                0x200004d8                . = ALIGN (0x4)
                0x200004d8                PROVIDE (__init_array_start = .)
 *(SORT_BY_NAME(.init_array.*))
 *(.init_array)
 .init_array    0x200004d8        0x4 /usr/lib/gcc/arm-none-eabi/8.3.1/thumb/v6-m/nofp/crtbegin.o
 .init_array    0x200004dc        0x4 CMakeFiles/blink_led.dir/opt/pico-sdk/src/rp2_common/pico_unique_id/unique_id.c.obj
                0x200004e0                PROVIDE (__init_array_end = .)
                0x200004e0                . = ALIGN (0x4)
                0x200004e0                PROVIDE (__fini_array_start = .)
 *(SORT_BY_NAME(.fini_array.*))
 *(.fini_array)
                0x200004e0                PROVIDE (__fini_array_end = .)
 *(.jcr)
                0x200004e0                . = ALIGN (0x4)
                0x200004e0                __data_end__ = .

.tm_clone_table
                0x200004e0        0x0 load address 0x100052c0
 .tm_clone_table
                0x200004e0        0x0 /usr/lib/gcc/arm-none-eabi/8.3.1/thumb/v6-m/nofp/crtbegin.o
 .tm_clone_table
                0x200004e0        0x0 /usr/lib/gcc/arm-none-eabi/8.3.1/thumb/v6-m/nofp/crtend.o

.igot.plt       0x200004e0        0x0 load address 0x100052c0
 .igot.plt      0x200004e0        0x0 /usr/lib/gcc/arm-none-eabi/8.3.1/thumb/v6-m/nofp/crtbegin.o

.uninitialized_data
                0x200004e0        0x0 load address 0x100052c0
                0x200004e0                . = ALIGN (0x4)
 *(.uninitialized_data*)

.scratch_x      0x20040000        0x0 load address 0x100052c0
                0x20040000                __scratch_x_start__ = .
 *(.scratch_x.*)
                0x20040000                . = ALIGN (0x4)
                0x20040000                __scratch_x_end__ = .
                0x100052c0                __scratch_x_source__ = LOADADDR (.scratch_x)

.scratch_y      0x20041000        0x0 load address 0x100052c0
                0x20041000                __scratch_y_start__ = .
 *(.scratch_y.*)
                0x20041000                . = ALIGN (0x4)
                0x20041000                __scratch_y_end__ = .
                0x100052c0                __scratch_y_source__ = LOADADDR (.scratch_y)

.bss            0x200004e0      0xd64
                0x200004e0                . = ALIGN (0x4)
                0x200004e0                __bss_start__ = .
 *(SORT_BY_ALIGNMENT(SORT_BY_NAME(.bss*)))
 .bss.default_alarm_pool_entries
                0x200004e0      0x100 CMakeFiles/blink_led.dir/opt/pico-sdk/src/common/pico_time/time.c.obj
 .bss.last_avail_time.7152
                0x200005e0        0x8 CMakeFiles/blink_led.dir/opt/pico-sdk/src/rp2_common/pico_stdio_usb/stdio_usb.c.obj
 .bss           0x200005e8       0x1c /usr/lib/gcc/arm-none-eabi/8.3.1/thumb/v6-m/nofp/crtbegin.o
 .bss._app_driver
                0x20000604        0x4 CMakeFiles/blink_led.dir/opt/pico-sdk/lib/tinyusb/src/device/usbd.c.obj
 .bss._cdcd_itf
                0x20000608      0x2d8 CMakeFiles/blink_led.dir/opt/pico-sdk/lib/tinyusb/src/class/cdc/cdc_device.c.obj
 .bss._ctrl_xfer
                0x200008e0       0x14 CMakeFiles/blink_led.dir/opt/pico-sdk/lib/tinyusb/src/device/usbd_control.c.obj
 .bss._ubsd_mutexdef
                0x200008f4        0x8 CMakeFiles/blink_led.dir/opt/pico-sdk/lib/tinyusb/src/device/usbd.c.obj
 .bss._usbd_ctrl_buf
                0x200008fc       0x40 CMakeFiles/blink_led.dir/opt/pico-sdk/lib/tinyusb/src/device/usbd_control.c.obj
 .bss._usbd_dev
                0x2000093c       0x37 CMakeFiles/blink_led.dir/opt/pico-sdk/lib/tinyusb/src/device/usbd.c.obj
 *fill*         0x20000973        0x1 
 .bss._usbd_mutex
                0x20000974        0x4 CMakeFiles/blink_led.dir/opt/pico-sdk/lib/tinyusb/src/device/usbd.c.obj
 .bss._usbd_q   0x20000978        0x4 CMakeFiles/blink_led.dir/opt/pico-sdk/lib/tinyusb/src/device/usbd.c.obj
 .bss.alarm_callbacks
                0x2000097c       0x10 CMakeFiles/blink_led.dir/opt/pico-sdk/src/rp2_common/hardware_timer/timer.c.obj
 .bss.boot2_copyout
                0x2000098c      0x100 CMakeFiles/blink_led.dir/opt/pico-sdk/src/rp2_common/hardware_flash/flash.c.obj
 .bss.claimed   0x20000a8c        0x4 CMakeFiles/blink_led.dir/opt/pico-sdk/src/rp2_common/hardware_sync/sync.c.obj
 .bss.configured_freq
                0x20000a90       0x28 CMakeFiles/blink_led.dir/opt/pico-sdk/src/rp2_common/hardware_clocks/clocks.c.obj
 .bss.default_alarm_pool_entry_ids_high
                0x20000ab8       0x10 CMakeFiles/blink_led.dir/opt/pico-sdk/src/common/pico_time/time.c.obj
 .bss.default_alarm_pool_heap_nodes
                0x20000ac8       0x30 CMakeFiles/blink_led.dir/opt/pico-sdk/src/common/pico_time/time.c.obj
 .bss.desc_str.7056
                0x20000af8       0x28 CMakeFiles/blink_led.dir/opt/pico-sdk/src/rp2_common/pico_stdio_usb/stdio_usb_descriptors.c.obj
 .bss.drivers   0x20000b20        0x4 CMakeFiles/blink_led.dir/opt/pico-sdk/src/rp2_common/pico_stdio/stdio.c.obj
 .bss.filter    0x20000b24        0x4 CMakeFiles/blink_led.dir/opt/pico-sdk/src/rp2_common/pico_stdio/stdio.c.obj
 .bss.hw_endpoints
                0x20000b28      0x400 CMakeFiles/blink_led.dir/opt/pico-sdk/lib/tinyusb/src/portable/raspberrypi/rp2040/dcd_rp2040.c.obj
 .bss.lazy_vsnprintf
                0x20000f28        0x4 CMakeFiles/blink_led.dir/opt/pico-sdk/src/rp2_common/pico_printf/printf.c.obj
 .bss.load_value
                0x20000f2c        0x4 CMakeFiles/blink_led.dir/opt/pico-sdk/src/rp2_common/hardware_watchdog/watchdog.c.obj
 .bss.next_buffer_ptr
                0x20000f30        0x4 CMakeFiles/blink_led.dir/opt/pico-sdk/lib/tinyusb/src/portable/raspberrypi/rp2040/dcd_rp2040.c.obj
 .bss.pools     0x20000f34       0x10 CMakeFiles/blink_led.dir/opt/pico-sdk/src/common/pico_time/time.c.obj
 .bss.retrieved_id
                0x20000f44        0x8 CMakeFiles/blink_led.dir/opt/pico-sdk/src/rp2_common/pico_unique_id/unique_id.c.obj
 .bss.sleep_notifier
                0x20000f4c        0x4 CMakeFiles/blink_led.dir/opt/pico-sdk/src/common/pico_time/time.c.obj
 .bss.stdio_usb_mutex
                0x20000f50        0x8 CMakeFiles/blink_led.dir/opt/pico-sdk/src/rp2_common/pico_stdio_usb/stdio_usb.c.obj
 .bss.target_hi
                0x20000f58       0x10 CMakeFiles/blink_led.dir/opt/pico-sdk/src/rp2_common/hardware_timer/timer.c.obj
 .bss.usbd_serial_str
                0x20000f68       0x11 CMakeFiles/blink_led.dir/opt/pico-sdk/src/rp2_common/pico_stdio_usb/stdio_usb_descriptors.c.obj
 .bss._app_driver_count
                0x20000f79        0x1 CMakeFiles/blink_led.dir/opt/pico-sdk/lib/tinyusb/src/device/usbd.c.obj
 .bss._usbd_initialized
                0x20000f7a        0x1 CMakeFiles/blink_led.dir/opt/pico-sdk/lib/tinyusb/src/device/usbd.c.obj
 .bss.boot2_copyout_valid
                0x20000f7b        0x1 CMakeFiles/blink_led.dir/opt/pico-sdk/src/rp2_common/hardware_flash/flash.c.obj
 .bss.claimed   0x20000f7c        0x1 CMakeFiles/blink_led.dir/opt/pico-sdk/src/rp2_common/hardware_timer/timer.c.obj
 .bss.irq_hander_chain_free_slot_head
                0x20000f7d        0x1 CMakeFiles/blink_led.dir/opt/pico-sdk/src/rp2_common/hardware_irq/irq.c.obj
 .bss.itf_num   0x20000f7e        0x1 CMakeFiles/blink_led.dir/opt/pico-sdk/src/rp2_common/pico_stdio_usb/reset_interface.c.obj
 .bss.timer_callbacks_pending
                0x20000f7f        0x1 CMakeFiles/blink_led.dir/opt/pico-sdk/src/rp2_common/hardware_timer/timer.c.obj
 *(COMMON)
 COMMON         0x20000f80      0x100 CMakeFiles/blink_led.dir/opt/pico-sdk/src/rp2_common/pico_double/double_init_rom.c.obj
                0x20000f80                sd_table
 COMMON         0x20001080      0x104 CMakeFiles/blink_led.dir/opt/pico-sdk/src/rp2_common/pico_float/float_init_rom.c.obj
                0x20001080                sf_table
                0x20001180                sf_clz_func
 COMMON         0x20001184       0xc0 CMakeFiles/blink_led.dir/opt/pico-sdk/lib/tinyusb/src/device/usbd.c.obj
                0x20001184                _usbd_qdef_buf
                0x20001244                . = ALIGN (0x4)
                0x20001244                __bss_end__ = .

.heap           0x20001244      0x800
                0x20001244                __end__ = .
                0x20001244                end = __end__
 *(.heap*)
 .heap          0x20001244      0x800 CMakeFiles/blink_led.dir/opt/pico-sdk/src/rp2_common/pico_standard_link/crt0.S.obj
                0x20001a44                __HeapLimit = .

.stack1_dummy   0x20040000        0x0
 *(.stack1*)

.stack_dummy    0x20041000      0x800
 *(.stack*)
 .stack         0x20041000      0x800 CMakeFiles/blink_led.dir/opt/pico-sdk/src/rp2_common/pico_standard_link/crt0.S.obj

.flash_end      0x100052c0        0x0
                0x100052c0                __flash_binary_end = .
                0x20040000                __StackLimit = (ORIGIN (RAM) + LENGTH (RAM))
                0x20041000                __StackOneTop = (ORIGIN (SCRATCH_X) + LENGTH (SCRATCH_X))
                0x20042000                __StackTop = (ORIGIN (SCRATCH_Y) + LENGTH (SCRATCH_Y))
                0x20041000                __StackOneBottom = (__StackOneTop - SIZEOF (.stack1_dummy))
                0x20041800                __StackBottom = (__StackTop - SIZEOF (.stack_dummy))
                0x20042000                PROVIDE (__stack = __StackTop)
                0x00000001                ASSERT ((__StackLimit >= __HeapLimit), region RAM overflowed)
                0x00000001                ASSERT (((__binary_info_header_end - __logical_binary_start) <= 0x100), Binary info must be in first 256 bytes of the binary)
LOAD CMakeFiles/blink_led.dir/blink_led.c.obj
LOAD CMakeFiles/blink_led.dir/opt/pico-sdk/src/rp2_common/pico_stdlib/stdlib.c.obj
LOAD CMakeFiles/blink_led.dir/opt/pico-sdk/src/rp2_common/hardware_gpio/gpio.c.obj
LOAD CMakeFiles/blink_led.dir/opt/pico-sdk/src/rp2_common/hardware_claim/claim.c.obj
LOAD CMakeFiles/blink_led.dir/opt/pico-sdk/src/rp2_common/pico_platform/platform.c.obj
LOAD CMakeFiles/blink_led.dir/opt/pico-sdk/src/rp2_common/hardware_sync/sync.c.obj
LOAD CMakeFiles/blink_led.dir/opt/pico-sdk/src/rp2_common/hardware_uart/uart.c.obj
LOAD CMakeFiles/blink_led.dir/opt/pico-sdk/src/rp2_common/hardware_divider/divider.S.obj
LOAD CMakeFiles/blink_led.dir/opt/pico-sdk/src/common/pico_time/time.c.obj
LOAD CMakeFiles/blink_led.dir/opt/pico-sdk/src/common/pico_time/timeout_helper.c.obj
LOAD CMakeFiles/blink_led.dir/opt/pico-sdk/src/rp2_common/hardware_timer/timer.c.obj
LOAD CMakeFiles/blink_led.dir/opt/pico-sdk/src/common/pico_sync/sem.c.obj
LOAD CMakeFiles/blink_led.dir/opt/pico-sdk/src/common/pico_sync/lock_core.c.obj
LOAD CMakeFiles/blink_led.dir/opt/pico-sdk/src/common/pico_sync/mutex.c.obj
LOAD CMakeFiles/blink_led.dir/opt/pico-sdk/src/common/pico_sync/critical_section.c.obj
LOAD CMakeFiles/blink_led.dir/opt/pico-sdk/src/common/pico_util/datetime.c.obj
LOAD CMakeFiles/blink_led.dir/opt/pico-sdk/src/common/pico_util/pheap.c.obj
LOAD CMakeFiles/blink_led.dir/opt/pico-sdk/src/common/pico_util/queue.c.obj
LOAD CMakeFiles/blink_led.dir/opt/pico-sdk/src/rp2_common/pico_runtime/runtime.c.obj
LOAD CMakeFiles/blink_led.dir/opt/pico-sdk/src/rp2_common/hardware_clocks/clocks.c.obj
LOAD CMakeFiles/blink_led.dir/opt/pico-sdk/src/rp2_common/hardware_irq/irq.c.obj
LOAD CMakeFiles/blink_led.dir/opt/pico-sdk/src/rp2_common/hardware_irq/irq_handler_chain.S.obj
LOAD CMakeFiles/blink_led.dir/opt/pico-sdk/src/rp2_common/hardware_pll/pll.c.obj
LOAD CMakeFiles/blink_led.dir/opt/pico-sdk/src/rp2_common/hardware_vreg/vreg.c.obj
LOAD CMakeFiles/blink_led.dir/opt/pico-sdk/src/rp2_common/hardware_watchdog/watchdog.c.obj
LOAD CMakeFiles/blink_led.dir/opt/pico-sdk/src/rp2_common/hardware_xosc/xosc.c.obj
LOAD CMakeFiles/blink_led.dir/opt/pico-sdk/src/rp2_common/pico_printf/printf.c.obj
LOAD CMakeFiles/blink_led.dir/opt/pico-sdk/src/rp2_common/pico_bit_ops/bit_ops_aeabi.S.obj
LOAD CMakeFiles/blink_led.dir/opt/pico-sdk/src/rp2_common/pico_bootrom/bootrom.c.obj
LOAD CMakeFiles/blink_led.dir/opt/pico-sdk/src/rp2_common/pico_divider/divider.S.obj
LOAD CMakeFiles/blink_led.dir/opt/pico-sdk/src/rp2_common/pico_double/double_aeabi.S.obj
LOAD CMakeFiles/blink_led.dir/opt/pico-sdk/src/rp2_common/pico_double/double_init_rom.c.obj
LOAD CMakeFiles/blink_led.dir/opt/pico-sdk/src/rp2_common/pico_double/double_math.c.obj
LOAD CMakeFiles/blink_led.dir/opt/pico-sdk/src/rp2_common/pico_double/double_v1_rom_shim.S.obj
LOAD CMakeFiles/blink_led.dir/opt/pico-sdk/src/rp2_common/pico_int64_ops/pico_int64_ops_aeabi.S.obj
LOAD CMakeFiles/blink_led.dir/opt/pico-sdk/src/rp2_common/pico_float/float_aeabi.S.obj
LOAD CMakeFiles/blink_led.dir/opt/pico-sdk/src/rp2_common/pico_float/float_init_rom.c.obj
LOAD CMakeFiles/blink_led.dir/opt/pico-sdk/src/rp2_common/pico_float/float_math.c.obj
LOAD CMakeFiles/blink_led.dir/opt/pico-sdk/src/rp2_common/pico_float/float_v1_rom_shim.S.obj
LOAD CMakeFiles/blink_led.dir/opt/pico-sdk/src/rp2_common/pico_malloc/pico_malloc.c.obj
LOAD CMakeFiles/blink_led.dir/opt/pico-sdk/src/rp2_common/pico_mem_ops/mem_ops_aeabi.S.obj
LOAD CMakeFiles/blink_led.dir/opt/pico-sdk/src/rp2_common/pico_standard_link/crt0.S.obj
LOAD CMakeFiles/blink_led.dir/opt/pico-sdk/src/rp2_common/pico_standard_link/new_delete.cpp.obj
LOAD CMakeFiles/blink_led.dir/opt/pico-sdk/src/rp2_common/pico_standard_link/binary_info.c.obj
LOAD CMakeFiles/blink_led.dir/opt/pico-sdk/src/rp2_common/pico_stdio/stdio.c.obj
LOAD CMakeFiles/blink_led.dir/opt/pico-sdk/src/rp2_common/pico_stdio_usb/reset_interface.c.obj
LOAD CMakeFiles/blink_led.dir/opt/pico-sdk/src/rp2_common/pico_stdio_usb/stdio_usb.c.obj
LOAD CMakeFiles/blink_led.dir/opt/pico-sdk/src/rp2_common/pico_stdio_usb/stdio_usb_descriptors.c.obj
LOAD CMakeFiles/blink_led.dir/opt/pico-sdk/lib/tinyusb/src/portable/raspberrypi/rp2040/dcd_rp2040.c.obj
LOAD CMakeFiles/blink_led.dir/opt/pico-sdk/lib/tinyusb/src/portable/raspberrypi/rp2040/rp2040_usb.c.obj
LOAD CMakeFiles/blink_led.dir/opt/pico-sdk/lib/tinyusb/src/device/usbd.c.obj
LOAD CMakeFiles/blink_led.dir/opt/pico-sdk/lib/tinyusb/src/device/usbd_control.c.obj
LOAD CMakeFiles/blink_led.dir/opt/pico-sdk/lib/tinyusb/src/class/audio/audio_device.c.obj
LOAD CMakeFiles/blink_led.dir/opt/pico-sdk/lib/tinyusb/src/class/cdc/cdc_device.c.obj
LOAD CMakeFiles/blink_led.dir/opt/pico-sdk/lib/tinyusb/src/class/dfu/dfu_device.c.obj
LOAD CMakeFiles/blink_led.dir/opt/pico-sdk/lib/tinyusb/src/class/dfu/dfu_rt_device.c.obj
LOAD CMakeFiles/blink_led.dir/opt/pico-sdk/lib/tinyusb/src/class/hid/hid_device.c.obj
LOAD CMakeFiles/blink_led.dir/opt/pico-sdk/lib/tinyusb/src/class/midi/midi_device.c.obj
LOAD CMakeFiles/blink_led.dir/opt/pico-sdk/lib/tinyusb/src/class/msc/msc_device.c.obj
LOAD CMakeFiles/blink_led.dir/opt/pico-sdk/lib/tinyusb/src/class/net/net_device.c.obj
LOAD CMakeFiles/blink_led.dir/opt/pico-sdk/lib/tinyusb/src/class/usbtmc/usbtmc_device.c.obj
LOAD CMakeFiles/blink_led.dir/opt/pico-sdk/lib/tinyusb/src/class/vendor/vendor_device.c.obj
LOAD CMakeFiles/blink_led.dir/opt/pico-sdk/lib/tinyusb/src/tusb.c.obj
LOAD CMakeFiles/blink_led.dir/opt/pico-sdk/lib/tinyusb/src/common/tusb_fifo.c.obj
LOAD CMakeFiles/blink_led.dir/opt/pico-sdk/src/rp2_common/pico_fix/rp2040_usb_device_enumeration/rp2040_usb_device_enumeration.c.obj
LOAD CMakeFiles/blink_led.dir/opt/pico-sdk/src/rp2_common/pico_unique_id/unique_id.c.obj
LOAD CMakeFiles/blink_led.dir/opt/pico-sdk/src/rp2_common/hardware_flash/flash.c.obj
LOAD /tmp/cc8CODCW.o
LOAD /usr/lib/gcc/arm-none-eabi/8.3.1/../../../arm-none-eabi/lib/thumb/v6-m/nofp/libstdc++.a
LOAD /usr/lib/gcc/arm-none-eabi/8.3.1/../../../arm-none-eabi/lib/thumb/v6-m/nofp/libm.a
START GROUP
LOAD /usr/lib/gcc/arm-none-eabi/8.3.1/thumb/v6-m/nofp/libgcc.a
LOAD /usr/lib/gcc/arm-none-eabi/8.3.1/../../../arm-none-eabi/lib/thumb/v6-m/nofp/libc.a
END GROUP
START GROUP
LOAD /usr/lib/gcc/arm-none-eabi/8.3.1/thumb/v6-m/nofp/libgcc.a
LOAD /usr/lib/gcc/arm-none-eabi/8.3.1/../../../arm-none-eabi/lib/thumb/v6-m/nofp/libc.a
LOAD /usr/lib/gcc/arm-none-eabi/8.3.1/../../../arm-none-eabi/lib/thumb/v6-m/nofp/libnosys.a
END GROUP
LOAD /usr/lib/gcc/arm-none-eabi/8.3.1/thumb/v6-m/nofp/crtend.o
LOAD /usr/lib/gcc/arm-none-eabi/8.3.1/thumb/v6-m/nofp/crtn.o
OUTPUT(blink_led.elf elf32-littlearm)
LOAD linker stubs

.ARM.attributes
                0x00000000       0x28
 .ARM.attributes
                0x00000000       0x1e /usr/lib/gcc/arm-none-eabi/8.3.1/thumb/v6-m/nofp/crti.o
 .ARM.attributes
                0x0000001e       0x2c /usr/lib/gcc/arm-none-eabi/8.3.1/thumb/v6-m/nofp/crtbegin.o
 .ARM.attributes
                0x0000004a       0x2c CMakeFiles/blink_led.dir/blink_led.c.obj
 .ARM.attributes
                0x00000076       0x2c CMakeFiles/blink_led.dir/opt/pico-sdk/src/rp2_common/hardware_gpio/gpio.c.obj
 .ARM.attributes
                0x000000a2       0x2c CMakeFiles/blink_led.dir/opt/pico-sdk/src/rp2_common/hardware_claim/claim.c.obj
 .ARM.attributes
                0x000000ce       0x2c CMakeFiles/blink_led.dir/opt/pico-sdk/src/rp2_common/pico_platform/platform.c.obj
 .ARM.attributes
                0x000000fa       0x2c CMakeFiles/blink_led.dir/opt/pico-sdk/src/rp2_common/hardware_sync/sync.c.obj
 .ARM.attributes
                0x00000126       0x2c CMakeFiles/blink_led.dir/opt/pico-sdk/src/common/pico_time/time.c.obj
 .ARM.attributes
                0x00000152       0x2c CMakeFiles/blink_led.dir/opt/pico-sdk/src/rp2_common/hardware_timer/timer.c.obj
 .ARM.attributes
                0x0000017e       0x2c CMakeFiles/blink_led.dir/opt/pico-sdk/src/common/pico_sync/lock_core.c.obj
 .ARM.attributes
                0x000001aa       0x2c CMakeFiles/blink_led.dir/opt/pico-sdk/src/common/pico_sync/mutex.c.obj
 .ARM.attributes
                0x000001d6       0x2c CMakeFiles/blink_led.dir/opt/pico-sdk/src/common/pico_sync/critical_section.c.obj
 .ARM.attributes
                0x00000202       0x2c CMakeFiles/blink_led.dir/opt/pico-sdk/src/common/pico_util/pheap.c.obj
 .ARM.attributes
                0x0000022e       0x2c CMakeFiles/blink_led.dir/opt/pico-sdk/src/rp2_common/pico_runtime/runtime.c.obj
 .ARM.attributes
                0x0000025a       0x2c CMakeFiles/blink_led.dir/opt/pico-sdk/src/rp2_common/hardware_clocks/clocks.c.obj
 .ARM.attributes
                0x00000286       0x2c CMakeFiles/blink_led.dir/opt/pico-sdk/src/rp2_common/hardware_irq/irq.c.obj
 .ARM.attributes
                0x000002b2       0x22 CMakeFiles/blink_led.dir/opt/pico-sdk/src/rp2_common/hardware_irq/irq_handler_chain.S.obj
 .ARM.attributes
                0x000002d4       0x2c CMakeFiles/blink_led.dir/opt/pico-sdk/src/rp2_common/hardware_pll/pll.c.obj
 .ARM.attributes
                0x00000300       0x2c CMakeFiles/blink_led.dir/opt/pico-sdk/src/rp2_common/hardware_watchdog/watchdog.c.obj
 .ARM.attributes
                0x0000032c       0x2c CMakeFiles/blink_led.dir/opt/pico-sdk/src/rp2_common/hardware_xosc/xosc.c.obj
 .ARM.attributes
                0x00000358       0x2c CMakeFiles/blink_led.dir/opt/pico-sdk/src/rp2_common/pico_printf/printf.c.obj
 .ARM.attributes
                0x00000384       0x22 CMakeFiles/blink_led.dir/opt/pico-sdk/src/rp2_common/pico_bit_ops/bit_ops_aeabi.S.obj
 .ARM.attributes
                0x000003a6       0x2c CMakeFiles/blink_led.dir/opt/pico-sdk/src/rp2_common/pico_bootrom/bootrom.c.obj
 .ARM.attributes
                0x000003d2       0x22 CMakeFiles/blink_led.dir/opt/pico-sdk/src/rp2_common/pico_divider/divider.S.obj
 .ARM.attributes
                0x000003f4       0x22 CMakeFiles/blink_led.dir/opt/pico-sdk/src/rp2_common/pico_double/double_aeabi.S.obj
 .ARM.attributes
                0x00000416       0x2c CMakeFiles/blink_led.dir/opt/pico-sdk/src/rp2_common/pico_double/double_init_rom.c.obj
 .ARM.attributes
                0x00000442       0x22 CMakeFiles/blink_led.dir/opt/pico-sdk/src/rp2_common/pico_double/double_v1_rom_shim.S.obj
 .ARM.attributes
                0x00000464       0x22 CMakeFiles/blink_led.dir/opt/pico-sdk/src/rp2_common/pico_int64_ops/pico_int64_ops_aeabi.S.obj
 .ARM.attributes
                0x00000486       0x22 CMakeFiles/blink_led.dir/opt/pico-sdk/src/rp2_common/pico_float/float_aeabi.S.obj
 .ARM.attributes
                0x000004a8       0x2c CMakeFiles/blink_led.dir/opt/pico-sdk/src/rp2_common/pico_float/float_init_rom.c.obj
 .ARM.attributes
                0x000004d4       0x22 CMakeFiles/blink_led.dir/opt/pico-sdk/src/rp2_common/pico_float/float_v1_rom_shim.S.obj
 .ARM.attributes
                0x000004f6       0x22 CMakeFiles/blink_led.dir/opt/pico-sdk/src/rp2_common/pico_mem_ops/mem_ops_aeabi.S.obj
 .ARM.attributes
                0x00000518       0x22 CMakeFiles/blink_led.dir/opt/pico-sdk/src/rp2_common/pico_standard_link/crt0.S.obj
 .ARM.attributes
                0x0000053a       0x32 CMakeFiles/blink_led.dir/opt/pico-sdk/src/rp2_common/pico_standard_link/binary_info.c.obj
 .ARM.attributes
                0x0000056c       0x2c CMakeFiles/blink_led.dir/opt/pico-sdk/src/rp2_common/pico_stdio/stdio.c.obj
 .ARM.attributes
                0x00000598       0x2c CMakeFiles/blink_led.dir/opt/pico-sdk/src/rp2_common/pico_stdio_usb/reset_interface.c.obj
 .ARM.attributes
                0x000005c4       0x2c CMakeFiles/blink_led.dir/opt/pico-sdk/src/rp2_common/pico_stdio_usb/stdio_usb.c.obj
 .ARM.attributes
                0x000005f0       0x2c CMakeFiles/blink_led.dir/opt/pico-sdk/src/rp2_common/pico_stdio_usb/stdio_usb_descriptors.c.obj
 .ARM.attributes
                0x0000061c       0x2c CMakeFiles/blink_led.dir/opt/pico-sdk/lib/tinyusb/src/portable/raspberrypi/rp2040/dcd_rp2040.c.obj
 .ARM.attributes
                0x00000648       0x2c CMakeFiles/blink_led.dir/opt/pico-sdk/lib/tinyusb/src/portable/raspberrypi/rp2040/rp2040_usb.c.obj
 .ARM.attributes
                0x00000674       0x2c CMakeFiles/blink_led.dir/opt/pico-sdk/lib/tinyusb/src/device/usbd.c.obj
 .ARM.attributes
                0x000006a0       0x2c CMakeFiles/blink_led.dir/opt/pico-sdk/lib/tinyusb/src/device/usbd_control.c.obj
 .ARM.attributes
                0x000006cc       0x2c CMakeFiles/blink_led.dir/opt/pico-sdk/lib/tinyusb/src/class/cdc/cdc_device.c.obj
 .ARM.attributes
                0x000006f8       0x2c CMakeFiles/blink_led.dir/opt/pico-sdk/lib/tinyusb/src/tusb.c.obj
 .ARM.attributes
                0x00000724       0x2c CMakeFiles/blink_led.dir/opt/pico-sdk/lib/tinyusb/src/common/tusb_fifo.c.obj
 .ARM.attributes
                0x00000750       0x2c CMakeFiles/blink_led.dir/opt/pico-sdk/src/rp2_common/pico_unique_id/unique_id.c.obj
 .ARM.attributes
                0x0000077c       0x2c CMakeFiles/blink_led.dir/opt/pico-sdk/src/rp2_common/hardware_flash/flash.c.obj
 .ARM.attributes
                0x000007a8       0x22 /tmp/cc8CODCW.o
 .ARM.attributes
                0x000007ca       0x1e /usr/lib/gcc/arm-none-eabi/8.3.1/thumb/v6-m/nofp/libgcc.a(_dvmd_tls.o)
 .ARM.attributes
                0x000007e8       0x2c /usr/lib/gcc/arm-none-eabi/8.3.1/../../../arm-none-eabi/lib/thumb/v6-m/nofp/libc.a(lib_a-strlen-stub.o)
 .ARM.attributes
                0x00000814       0x2c /usr/lib/gcc/arm-none-eabi/8.3.1/thumb/v6-m/nofp/crtend.o

.comment        0x00000000       0x9f
 .comment       0x00000000       0x51 /usr/lib/gcc/arm-none-eabi/8.3.1/thumb/v6-m/nofp/crtbegin.o
                                 0x52 (size before relaxing)
 .comment       0x00000051       0x52 CMakeFiles/blink_led.dir/blink_led.c.obj
 .comment       0x00000051       0x52 CMakeFiles/blink_led.dir/opt/pico-sdk/src/rp2_common/hardware_gpio/gpio.c.obj
 .comment       0x00000051       0x52 CMakeFiles/blink_led.dir/opt/pico-sdk/src/rp2_common/hardware_claim/claim.c.obj
 .comment       0x00000051       0x52 CMakeFiles/blink_led.dir/opt/pico-sdk/src/rp2_common/pico_platform/platform.c.obj
 .comment       0x00000051       0x52 CMakeFiles/blink_led.dir/opt/pico-sdk/src/rp2_common/hardware_sync/sync.c.obj
 .comment       0x00000051       0x52 CMakeFiles/blink_led.dir/opt/pico-sdk/src/common/pico_time/time.c.obj
 .comment       0x00000051       0x52 CMakeFiles/blink_led.dir/opt/pico-sdk/src/rp2_common/hardware_timer/timer.c.obj
 .comment       0x00000051       0x52 CMakeFiles/blink_led.dir/opt/pico-sdk/src/common/pico_sync/lock_core.c.obj
 .comment       0x00000051       0x52 CMakeFiles/blink_led.dir/opt/pico-sdk/src/common/pico_sync/mutex.c.obj
 .comment       0x00000051       0x52 CMakeFiles/blink_led.dir/opt/pico-sdk/src/common/pico_sync/critical_section.c.obj
 .comment       0x00000051       0x52 CMakeFiles/blink_led.dir/opt/pico-sdk/src/common/pico_util/pheap.c.obj
 .comment       0x00000051       0x52 CMakeFiles/blink_led.dir/opt/pico-sdk/src/rp2_common/pico_runtime/runtime.c.obj
 .comment       0x00000051       0x52 CMakeFiles/blink_led.dir/opt/pico-sdk/src/rp2_common/hardware_clocks/clocks.c.obj
 .comment       0x00000051       0x52 CMakeFiles/blink_led.dir/opt/pico-sdk/src/rp2_common/hardware_irq/irq.c.obj
 .comment       0x00000051       0x52 CMakeFiles/blink_led.dir/opt/pico-sdk/src/rp2_common/hardware_pll/pll.c.obj
 .comment       0x00000051       0x52 CMakeFiles/blink_led.dir/opt/pico-sdk/src/rp2_common/hardware_watchdog/watchdog.c.obj
 .comment       0x00000051       0x52 CMakeFiles/blink_led.dir/opt/pico-sdk/src/rp2_common/hardware_xosc/xosc.c.obj
 .comment       0x00000051       0x52 CMakeFiles/blink_led.dir/opt/pico-sdk/src/rp2_common/pico_printf/printf.c.obj
 .comment       0x00000051       0x52 CMakeFiles/blink_led.dir/opt/pico-sdk/src/rp2_common/pico_bootrom/bootrom.c.obj
 .comment       0x00000051       0x52 CMakeFiles/blink_led.dir/opt/pico-sdk/src/rp2_common/pico_double/double_init_rom.c.obj
 .comment       0x00000051       0x52 CMakeFiles/blink_led.dir/opt/pico-sdk/src/rp2_common/pico_float/float_init_rom.c.obj
 .comment       0x00000051       0x52 CMakeFiles/blink_led.dir/opt/pico-sdk/src/rp2_common/pico_standard_link/binary_info.c.obj
 .comment       0x00000051       0x52 CMakeFiles/blink_led.dir/opt/pico-sdk/src/rp2_common/pico_stdio/stdio.c.obj
 .comment       0x00000051       0x52 CMakeFiles/blink_led.dir/opt/pico-sdk/src/rp2_common/pico_stdio_usb/reset_interface.c.obj
 .comment       0x00000051       0x52 CMakeFiles/blink_led.dir/opt/pico-sdk/src/rp2_common/pico_stdio_usb/stdio_usb.c.obj
 .comment       0x00000051       0x52 CMakeFiles/blink_led.dir/opt/pico-sdk/src/rp2_common/pico_stdio_usb/stdio_usb_descriptors.c.obj
 .comment       0x00000051       0x52 CMakeFiles/blink_led.dir/opt/pico-sdk/lib/tinyusb/src/portable/raspberrypi/rp2040/dcd_rp2040.c.obj
 .comment       0x00000051       0x52 CMakeFiles/blink_led.dir/opt/pico-sdk/lib/tinyusb/src/portable/raspberrypi/rp2040/rp2040_usb.c.obj
 .comment       0x00000051       0x52 CMakeFiles/blink_led.dir/opt/pico-sdk/lib/tinyusb/src/device/usbd.c.obj
 .comment       0x00000051       0x52 CMakeFiles/blink_led.dir/opt/pico-sdk/lib/tinyusb/src/device/usbd_control.c.obj
 .comment       0x00000051       0x52 CMakeFiles/blink_led.dir/opt/pico-sdk/lib/tinyusb/src/class/cdc/cdc_device.c.obj
 .comment       0x00000051       0x52 CMakeFiles/blink_led.dir/opt/pico-sdk/lib/tinyusb/src/tusb.c.obj
 .comment       0x00000051       0x52 CMakeFiles/blink_led.dir/opt/pico-sdk/lib/tinyusb/src/common/tusb_fifo.c.obj
 .comment       0x00000051       0x52 CMakeFiles/blink_led.dir/opt/pico-sdk/src/rp2_common/pico_unique_id/unique_id.c.obj
 .comment       0x00000051       0x52 CMakeFiles/blink_led.dir/opt/pico-sdk/src/rp2_common/hardware_flash/flash.c.obj
 .comment       0x00000051       0x4e /usr/lib/gcc/arm-none-eabi/8.3.1/../../../arm-none-eabi/lib/thumb/v6-m/nofp/libc.a(lib_a-strlen-stub.o)
                                 0x4f (size before relaxing)
 .comment       0x0000009f       0x52 /usr/lib/gcc/arm-none-eabi/8.3.1/thumb/v6-m/nofp/crtend.o

.debug_line     0x00000000      0x222
 .debug_line    0x00000000       0x60 /usr/lib/gcc/arm-none-eabi/8.3.1/thumb/v6-m/nofp/libgcc.a(_dvmd_tls.o)
 .debug_line    0x00000060      0x1c2 /usr/lib/gcc/arm-none-eabi/8.3.1/../../../arm-none-eabi/lib/thumb/v6-m/nofp/libc.a(lib_a-strlen-stub.o)

.debug_info     0x00000000      0x999
 .debug_info    0x00000000       0x26 /usr/lib/gcc/arm-none-eabi/8.3.1/thumb/v6-m/nofp/libgcc.a(_dvmd_tls.o)
 .debug_info    0x00000026      0x973 /usr/lib/gcc/arm-none-eabi/8.3.1/../../../arm-none-eabi/lib/thumb/v6-m/nofp/libc.a(lib_a-strlen-stub.o)

.debug_abbrev   0x00000000      0x1fc
 .debug_abbrev  0x00000000       0x14 /usr/lib/gcc/arm-none-eabi/8.3.1/thumb/v6-m/nofp/libgcc.a(_dvmd_tls.o)
 .debug_abbrev  0x00000014      0x1e8 /usr/lib/gcc/arm-none-eabi/8.3.1/../../../arm-none-eabi/lib/thumb/v6-m/nofp/libc.a(lib_a-strlen-stub.o)

.debug_aranges  0x00000000       0x40
 .debug_aranges
                0x00000000       0x20 /usr/lib/gcc/arm-none-eabi/8.3.1/thumb/v6-m/nofp/libgcc.a(_dvmd_tls.o)
 .debug_aranges
                0x00000020       0x20 /usr/lib/gcc/arm-none-eabi/8.3.1/../../../arm-none-eabi/lib/thumb/v6-m/nofp/libc.a(lib_a-strlen-stub.o)

.debug_str      0x00000000      0x613
 .debug_str     0x00000000       0xa3 /usr/lib/gcc/arm-none-eabi/8.3.1/thumb/v6-m/nofp/libgcc.a(_dvmd_tls.o)
 .debug_str     0x000000a3      0x570 /usr/lib/gcc/arm-none-eabi/8.3.1/../../../arm-none-eabi/lib/thumb/v6-m/nofp/libc.a(lib_a-strlen-stub.o)
                                0x5c2 (size before relaxing)

.debug_loc      0x00000000       0xa3
 .debug_loc     0x00000000       0xa3 /usr/lib/gcc/arm-none-eabi/8.3.1/../../../arm-none-eabi/lib/thumb/v6-m/nofp/libc.a(lib_a-strlen-stub.o)

.debug_frame    0x00000000       0x28
 .debug_frame   0x00000000       0x28 /usr/lib/gcc/arm-none-eabi/8.3.1/../../../arm-none-eabi/lib/thumb/v6-m/nofp/libc.a(lib_a-strlen-stub.o)
